JSCompiler_StaticMethods_applyPattern_:AE
JSCompiler_StaticMethods_applyStandardPattern_:zE
JSCompiler_StaticMethods_assoc_BANG_:Cj
JSCompiler_StaticMethods_cljs$core$ITransientVector$_assoc_n_BANG_$arity$3:Bi
JSCompiler_StaticMethods_cljs$core$async$impl$channels$MMC$abort$arity$1:GK
JSCompiler_StaticMethods_cljs$core$async$impl$protocols$Channel$close_BANG_$arity$1:HK
JSCompiler_StaticMethods_cljs$core$async$impl$protocols$ReadPort$take_BANG_$arity$2:IK
JSCompiler_StaticMethods_containsKey:xb
JSCompiler_StaticMethods_div:za
JSCompiler_StaticMethods_edit_and_remove_pair:gj
JSCompiler_StaticMethods_enforceReadOnly:jb
JSCompiler_StaticMethods_ensureKeyMapInitialized_:vb
JSCompiler_StaticMethods_equals:Ba
JSCompiler_StaticMethods_formatAmPm_:HE
JSCompiler_StaticMethods_formatField_:EE
JSCompiler_StaticMethods_getDaylightAdjustment:wE
JSCompiler_StaticMethods_getKeyName_:wb
JSCompiler_StaticMethods_getOffset:xE
JSCompiler_StaticMethods_isZero:Aa
JSCompiler_StaticMethods_localizeNumbers_:FE
JSCompiler_StaticMethods_negate:ua
JSCompiler_StaticMethods_setPort:kb
JSCompiler_StaticMethods_setQueryData:lb
JSCompiler_StaticMethods_setScheme:ib
JSCompiler_StaticMethods_sval:tg
JSCompiler_StaticMethods_toNumber:xa
JSCompiler_inline_result$jscomp$298:xO
JSCompiler_inline_result$jscomp$305:pJ
JSCompiler_prototypeAlias:k
JSCompiler_temp_const$jscomp$294:wO
JSCompiler_temp_const$jscomp$295:vO
JSCompiler_temp_const$jscomp$296:uO
JSCompiler_temp_const$jscomp$297:tO
JSCompiler_temp_const$jscomp$304:oJ
L 0:a
L 1:b
L 10:t
L 11:u
L 12:x
L 13:D
L 14:E
L 15:I
L 16:H
L 17:N
L 18:P
L 19:V
L 2:c
L 20:Y
L 21:ha
L 22:ba
L 23:ya
L 24:$a
L 25:Pa
L 26:Ca
L 27:cb
L 28:Ja
L 29:fa
L 3:d
L 30:Ra
L 31:zd
L 32:me
L 33:sd
L 34:Yd
L 35:Ce
L 36:Bc
L 37:Yb
L 38:De
L 39:tk
L 4:e
L 40:bj
L 41:uk
L 42:hi
L 43:an
L 44:vk
L 45:Lo
L 46:bn
L 47:Dq
L 48:Mo
L 49:Ng
L 5:f
L 50:fu
L 51:Eq
L 52:EP
L 53:GF
L 54:py
L 55:FP
L 56:$e
L 6:g
L 7:h
L 8:l
L 9:q
__set_query_BANG_:xQ
always_36724:FF
app$client$Root:vT
app$client$app:uT
app$client$init:ET
cached_hierarchy__5645__auto__$jscomp$inline_2315:RE
cached_hierarchy__5645__auto__$jscomp$inline_2352:mJ
cached_hierarchy__5645__auto__$jscomp$inline_2461:UN
cached_hierarchy__5645__auto__$jscomp$inline_2495:lO
cljs$core$ArrayChunk:vg
cljs$core$ArrayList:Tj
cljs$core$ArrayNode:kj
cljs$core$ArrayNodeIterator:pj
cljs$core$ArrayNodeSeq:wj
cljs$core$Atom:oh
cljs$core$BitmapIndexedNode:fj
cljs$core$BitmapIndexedNode$EMPTY:jj
cljs$core$Box:Zi
cljs$core$ChunkBuffer:ug
cljs$core$ChunkedCons:xg
cljs$core$ChunkedSeq:ui
cljs$core$Cons:fg
cljs$core$DEMUNGE_MAP:bc
cljs$core$DEMUNGE_PATTERN:cc
cljs$core$Delay:Jk
cljs$core$ES6EntriesIterator:Ki
cljs$core$ES6Iterator:ee
cljs$core$ES6IteratorSeq:ge
cljs$core$ES6SetEntriesIterator:Li
cljs$core$EmptyList:dg
cljs$core$ExceptionInfo:pl
cljs$core$Fn:gc
cljs$core$HashCollisionNode:tj
cljs$core$HashMapIter:yj
cljs$core$HashSetIter:Kj
cljs$core$IAssociative:zc
cljs$core$IAtom:Cd
cljs$core$ICollection:mc
cljs$core$IComparable:ud
cljs$core$ICounted:ic
cljs$core$IDeref:Pc
cljs$core$IEmptyableCollection:kc
cljs$core$IEncodeJS:Ok
cljs$core$IFind:Dc
cljs$core$IFn:hc
cljs$core$IIndexed:oc
cljs$core$IIndexed$_nth$dyn_28129:qc
cljs$core$IIterable:Hd
cljs$core$IKVReduce:Wc
cljs$core$IList:cd
cljs$core$ILookup:wc
cljs$core$ILookup$_lookup$dyn_28158:yc
cljs$core$IMap:Fc
cljs$core$IMeta:Qc
cljs$core$INIT:Zg
cljs$core$INext:uc
cljs$core$IPending:ld
cljs$core$IPrintWithWriter:jd
cljs$core$IRecord:dd
cljs$core$IReduce:Tc
cljs$core$IReduce$_reduce$dyn_28195:Vc
cljs$core$IReversible:ed
cljs$core$ISeq:rc
cljs$core$ISeqable:$c
cljs$core$ISequential:bd
cljs$core$ISet:Jc
cljs$core$ISorted:gd
cljs$core$ISwap$_swap_BANG_$dyn_28298:Fd
cljs$core$ITER_SYMBOL:ac
cljs$core$IVector:Nc
cljs$core$IndexedSeq:ae
cljs$core$IndexedSeqIterator:He
cljs$core$Inst:le
cljs$core$IntegerRange:Yj
cljs$core$IntegerRangeChunk:Wj
cljs$core$Iterate:Ch
cljs$core$KeySeq:Ej
cljs$core$Keyword:y
cljs$core$LazySeq:sg
cljs$core$List:Se
cljs$core$List$EMPTY:de
cljs$core$MapEntry:ii
cljs$core$MetaFn:Ye
cljs$core$MultiFn:kl
cljs$core$NeverEquiv:Gi
cljs$core$NodeIterator:ej
cljs$core$NodeSeq:uj
cljs$core$PROTOCOL_SENTINEL:zb
cljs$core$PersistentArrayMap:m
cljs$core$PersistentArrayMap$EMPTY:S
cljs$core$PersistentArrayMap$HASHMAP_THRESHOLD:Si
cljs$core$PersistentArrayMap$createAsIfByAssoc:Ve
cljs$core$PersistentArrayMap$createAsIfByAssocComplexPath:Xi
cljs$core$PersistentArrayMapIterator:Oi
cljs$core$PersistentArrayMapSeq:Ni
cljs$core$PersistentHashMap:zj
cljs$core$PersistentHashMap$EMPTY:Ti
cljs$core$PersistentHashMap$fromArrays:Bj
cljs$core$PersistentHashSet:Lj
cljs$core$PersistentHashSet$EMPTY:Nj
cljs$core$PersistentHashSet$createAsIfByAssoc:Df
cljs$core$PersistentQueue:Ei
cljs$core$PersistentQueue$EMPTY:Fi
cljs$core$PersistentQueueIter:Ci
cljs$core$PersistentQueueSeq:Di
cljs$core$PersistentVector:T
cljs$core$PersistentVector$EMPTY:Re
cljs$core$PersistentVector$EMPTY_NODE:U
cljs$core$PersistentVector$fromArray:oi
cljs$core$RSeq:Ie
cljs$core$Range:Zj
cljs$core$RangeIterator:Xj
cljs$core$RangedIterator:di
cljs$core$RecordIter:Ji
cljs$core$Reduced:pe
cljs$core$Repeat:yh
cljs$core$START:$g
cljs$core$SeqIter:ah
cljs$core$StringBufferWriter:Jd
cljs$core$Subvec:wi
cljs$core$Symbol:v
cljs$core$TransientArrayMap:Ri
cljs$core$TransientHashMap:Aj
cljs$core$TransientHashSet:Mj
cljs$core$TransientVector:ji
cljs$core$UNREALIZED_SEED:Bh
cljs$core$UUID:ml
cljs$core$ValSeq:Fj
cljs$core$Var:Xd
cljs$core$VectorNode:Th
cljs$core$Volatile:sh
cljs$core$_EQ_:z
cljs$core$_EQ__EQ_:$f
cljs$core$_EQ__EQ_$cljs$0core$0IFn$0_invoke$0arity$02:ag
cljs$core$_PLUS_:Sf
cljs$core$_STAR_out_STAR_:Ab
cljs$core$_STAR_print_fn_STAR_:Bb
cljs$core$_STAR_print_length_STAR_:Fb
cljs$core$_STAR_print_level_STAR_:Gb
cljs$core$_STAR_print_namespace_maps_STAR_:Eb
cljs$core$_STAR_print_newline_STAR_:Cb
cljs$core$_STAR_print_readably_STAR_:Db
cljs$core$__destructure_map:R
cljs$core$_add_method:fl
cljs$core$_add_watch:nd
cljs$core$_as_transient:od
cljs$core$_assoc:Cc
cljs$core$_assoc_BANG_:rd
cljs$core$_assoc_n:Oc
cljs$core$_chunked_first:xd
cljs$core$_chunked_rest:yd
cljs$core$_clj__GT_js:Pk
cljs$core$_compare:vd
cljs$core$_conj:nc
cljs$core$_conj_BANG_:pd
cljs$core$_contains_key_QMARK_:Ac
cljs$core$_count:jc
cljs$core$_deref:r
cljs$core$_disjoin:Kc
cljs$core$_dispatch_fn:il
cljs$core$_dissoc:Gc
cljs$core$_dissoc_BANG_:td
cljs$core$_drop_first:wd
cljs$core$_empty:lc
cljs$core$_equiv:Yc
cljs$core$_find:Ec
cljs$core$_first:sc
cljs$core$_flush:id
cljs$core$_get_method:gl
cljs$core$_global_hierarchy:Vk
cljs$core$_hash:Zc
cljs$core$_indexOf$cljs$0core$0IFn$0_invoke$0arity$03:Be
cljs$core$_iterator:Id
cljs$core$_key:Hc
cljs$core$_kv_reduce:Xc
cljs$core$_lastIndexOf$cljs$0core$0IFn$0_invoke$0arity$03:Ge
cljs$core$_lookup:xc
cljs$core$_meta:Rc
cljs$core$_methods:hl
cljs$core$_name:Ad
cljs$core$_namespace:Bd
cljs$core$_next:vc
cljs$core$_nth:pc
cljs$core$_peek:Lc
cljs$core$_persistent_BANG_:qd
cljs$core$_pop:Mc
cljs$core$_pr_writer:kd
cljs$core$_realized_QMARK_:md
cljs$core$_reduce:Uc
cljs$core$_reset_BANG_:Dd
cljs$core$_rest:tc
cljs$core$_rseq:fd
cljs$core$_seq:ad
cljs$core$_swap_BANG_:Ed
cljs$core$_val:Ic
cljs$core$_vreset_BANG_:Gd
cljs$core$_with_meta:Sc
cljs$core$_write:hd
cljs$core$aclone:dc
cljs$core$add_watch:Ik
cljs$core$any_QMARK_:Vb
cljs$core$apply:Zd
cljs$core$apply$cljs$0core$0IFn$0_invoke$0arity$02:Og
cljs$core$apply$cljs$0core$0IFn$0_invoke$0arity$03:Pg
cljs$core$apply$cljs$0core$0IFn$0_invoke$0arity$04:Qg
cljs$core$apply$cljs$0core$0IFn$0_invoke$0arity$05:Rg
cljs$core$apply$cljs$0core$0IFn$0_invoke$0arity$0variadic:Sg
cljs$core$apply_to:Hg
cljs$core$apply_to_simple$cljs$0core$0IFn$0_invoke$0arity$03:Jg
cljs$core$apply_to_simple$cljs$0core$0IFn$0_invoke$0arity$04:Kg
cljs$core$apply_to_simple$cljs$0core$0IFn$0_invoke$0arity$05:Lg
cljs$core$apply_to_simple$cljs$0core$0IFn$0_invoke$0arity$06:Mg
cljs$core$array_QMARK_:Pb
cljs$core$array__GT_transient_hash_map:Yi
cljs$core$array_copy:mf
cljs$core$array_for:ai
cljs$core$array_index_of:Mi
cljs$core$array_reduce$cljs$0core$0IFn$0_invoke$0arity$02:we
cljs$core$array_reduce$cljs$0core$0IFn$0_invoke$0arity$03:xe
cljs$core$array_reduce$cljs$0core$0IFn$0_invoke$0arity$04:ye
cljs$core$assoc:K
cljs$core$assoc_BANG_$cljs$0core$0IFn$0_invoke$0arity$03:Gg
cljs$core$assoc_in:Qh
cljs$core$associative_QMARK_:ff
cljs$core$async$chan$cljs$0core$0IFn$0_invoke$0arity$03:WK
cljs$core$async$fhnop:lK
cljs$core$async$impl$buffers$DroppingBuffer:uK
cljs$core$async$impl$buffers$FixedBuffer:tK
cljs$core$async$impl$buffers$RingBuffer:rK
cljs$core$async$impl$buffers$acopy:qK
cljs$core$async$impl$buffers$ring_buffer:sK
cljs$core$async$impl$channels$ManyToManyChannel:FK
cljs$core$async$impl$channels$PutBox:DK
cljs$core$async$impl$channels$box:CK
cljs$core$async$impl$channels$chan$cljs$0core$0IFn$0_invoke$0arity$03:MK
cljs$core$async$impl$channels$ex_handler:KK
cljs$core$async$impl$channels$handle:LK
cljs$core$async$impl$channels$put_active_QMARK_:EK
cljs$core$async$impl$channels$t_cljs$0core$0async$0impl$0channels33206:BK
cljs$core$async$impl$dispatch$process_messages:yK
cljs$core$async$impl$dispatch$queue_dispatcher:zK
cljs$core$async$impl$dispatch$queued_QMARK_:xK
cljs$core$async$impl$dispatch$run:AK
cljs$core$async$impl$dispatch$running_QMARK_:wK
cljs$core$async$impl$dispatch$tasks:vK
cljs$core$async$impl$ioc_helpers$return_chan:UK
cljs$core$async$impl$ioc_helpers$run_state_machine_wrapped:SK
cljs$core$async$impl$ioc_helpers$t_cljs$0core$0async$0impl$0ioc_helpers34954:RK
cljs$core$async$impl$ioc_helpers$take_BANG_:TK
cljs$core$async$impl$protocols$active_QMARK_:mK
cljs$core$async$impl$protocols$add_BANG_:pK
cljs$core$async$impl$protocols$add_BANG__STAR_:oK
cljs$core$async$impl$protocols$commit:nK
cljs$core$async$impl$protocols$put_BANG_:jK
cljs$core$async$impl$timers$SkipList:QK
cljs$core$async$impl$timers$SkipListNode:NK
cljs$core$async$impl$timers$least_greater_node$cljs$0core$0IFn$0_invoke$0arity$04:PK
cljs$core$async$impl$timers$skip_list_node$cljs$0core$0IFn$0_invoke$0arity$03:OK
cljs$core$async$put_BANG_$cljs$0core$0IFn$0_invoke$0arity$02:XK
cljs$core$async$t_cljs$0core$0async35116:VK
cljs$core$atom$cljs$0core$0IFn$0_invoke$0arity$01:ph
cljs$core$bit_count:Zf
cljs$core$boolean$0:tf
cljs$core$boolean_QMARK_:qf
cljs$core$bounded_count:Ag
cljs$core$build_subvec:xi
cljs$core$butlast:Qj
cljs$core$char$0:Vf
cljs$core$char_QMARK_:Ub
cljs$core$char_escapes:mk
cljs$core$chunk_append:zg
cljs$core$chunk_buffer:wg
cljs$core$chunk_cons:yg
cljs$core$chunked_seq:ni
cljs$core$chunked_seq$cljs$0core$0IFn$0_invoke$0arity$04:mi
cljs$core$chunked_seq$cljs$0core$0IFn$0_invoke$0arity$05:vi
cljs$core$chunked_seq_QMARK_:lf
cljs$core$ci_reduce$cljs$0core$0IFn$0_invoke$0arity$02:ue
cljs$core$ci_reduce$cljs$0core$0IFn$0_invoke$0arity$03:ve
cljs$core$clj__GT_js:Rk
cljs$core$clone_and_set$cljs$0core$0IFn$0_invoke$0arity$03:$i
cljs$core$coll_QMARK_:df
cljs$core$comp:gh
cljs$core$compare:Ef
cljs$core$compare_indexed$cljs$0core$0IFn$0_invoke$0arity$02:Ff
cljs$core$compare_keywords:gg
cljs$core$compare_symbols:Vd
cljs$core$complement:eh
cljs$core$completing$cljs$0core$0IFn$0_invoke$0arity$02:Pf
cljs$core$concat:Cg
cljs$core$conj:Qe
cljs$core$conj_BANG_:Fg
cljs$core$cons:Ke
cljs$core$constantly:fh
cljs$core$contains_QMARK_:M
cljs$core$count:F
cljs$core$counted_QMARK_:ze
cljs$core$create_array_node_seq:rj
cljs$core$create_array_node_seq$cljs$0core$0IFn$0_invoke$0arity$01:qj
cljs$core$create_array_node_seq$cljs$0core$0IFn$0_invoke$0arity$03:xj
cljs$core$create_inode_seq:ij
cljs$core$create_inode_seq$cljs$0core$0IFn$0_invoke$0arity$01:hj
cljs$core$create_inode_seq$cljs$0core$0IFn$0_invoke$0arity$03:vj
cljs$core$create_node:mj
cljs$core$create_node$cljs$0core$0IFn$0_invoke$0arity$06:nj
cljs$core$create_node$cljs$0core$0IFn$0_invoke$0arity$07:lj
cljs$core$dec:Tf
cljs$core$demunge:sl
cljs$core$demunge_pattern:rl
cljs$core$deref:te
cljs$core$disj:bf
cljs$core$dissoc:We
cljs$core$distinct$cljs$0core$0IFn$0_invoke$0arity$01:Pj
cljs$core$distinct_QMARK_:Cf
cljs$core$do_assoc:bi
cljs$core$doall$cljs$0core$0IFn$0_invoke$0arity$01:ek
cljs$core$dominates:dl
cljs$core$double_QMARK_:Bf
cljs$core$drop$cljs$0core$0IFn$0_invoke$0arity$02:vh
cljs$core$drop_last$cljs$0core$0IFn$0_invoke$0arity$02:wh
cljs$core$drop_while$cljs$0core$0IFn$0_invoke$0arity$02:xh
cljs$core$edit_and_set$cljs$0core$0IFn$0_invoke$0arity$04:cj
cljs$core$empty:Te
cljs$core$empty_QMARK_:cf
cljs$core$empty_ordered_hash:ie
cljs$core$empty_unordered_hash:ke
cljs$core$enable_console_print_BANG_:Nb
cljs$core$equiv_map:Ii
cljs$core$equiv_sequential:Je
cljs$core$es6_iterator:fe
cljs$core$es6_iterator_seq:be
cljs$core$every_QMARK_:ch
cljs$core$ex_info$cljs$0core$0IFn$0_invoke$0arity$02:ql
cljs$core$false_QMARK_:of
cljs$core$filter:Gh
cljs$core$filterv:Mh
cljs$core$find_and_cache_best_method:el
cljs$core$first:B
cljs$core$fix:Wf
cljs$core$flatten:Jh
cljs$core$float_QMARK_:Af
cljs$core$fn_QMARK_:Xe
cljs$core$fn__GT_comparator:Gf
cljs$core$fnil$cljs$0core$0IFn$0_invoke$0arity$02:ih
cljs$core$force:Nk
cljs$core$get:w
cljs$core$get_global_hierarchy:Wk
cljs$core$get_in$cljs$0core$0IFn$0_invoke$0arity$02:Oh
cljs$core$get_in$cljs$0core$0IFn$0_invoke$0arity$03:Ph
cljs$core$group_by:Uk
cljs$core$hash:Sd
cljs$core$hash_collision_node_find_index:sj
cljs$core$hash_map:Dj
cljs$core$hash_ordered_coll:he
cljs$core$hash_string:Rd
cljs$core$hash_symbol:Ud
cljs$core$hash_unordered_coll:je
cljs$core$ident_QMARK_:jg
cljs$core$identity:Of
cljs$core$ifn_QMARK_:uf
cljs$core$imul:Ld
cljs$core$inc:oe
cljs$core$indexed_QMARK_:Ae
cljs$core$inode_kv_reduce:dj
cljs$core$inst_QMARK_:ne
cljs$core$int_QMARK_:wf
cljs$core$integer_QMARK_:vf
cljs$core$interleave:Dh
cljs$core$interpose$cljs$0core$0IFn$0_invoke$0arity$01:Eh
cljs$core$into:Kh
cljs$core$into_array$cljs$0core$0IFn$0_invoke$0arity$02:ec
cljs$core$isa_QMARK_$cljs$0core$0IFn$0_invoke$0arity$03:$k
cljs$core$iter_reduce$cljs$0core$0IFn$0_invoke$0arity$02:Lf
cljs$core$iter_reduce$cljs$0core$0IFn$0_invoke$0arity$03:Mf
cljs$core$iterable_QMARK_:$d
cljs$core$juxt$cljs$0core$0IFn$0_invoke$0arity$02:dk
cljs$core$keep$cljs$0core$0IFn$0_invoke$0arity$01:mh
cljs$core$keep$cljs$0core$0IFn$0_invoke$0arity$02:nh
cljs$core$key:ri
cljs$core$key__GT_js$cljs$0core$0IFn$0_invoke$0arity$02:Qk
cljs$core$key_test:Ui
cljs$core$keys:Pi
cljs$core$keyword:qg
cljs$core$keyword_QMARK_:hg
cljs$core$keyword_identical_QMARK_:Q
cljs$core$last:Pe
cljs$core$lift_ns:Fk
cljs$core$linear_traversal_nth$cljs$0core$0IFn$0_invoke$0arity$03:Ue
cljs$core$list:O
cljs$core$list_QMARK_:cg
cljs$core$lookup_sentinel:nf
cljs$core$m3_fmix:Od
cljs$core$m3_mix_H1:Nd
cljs$core$m3_mix_K1:Md
cljs$core$map:th
cljs$core$map_QMARK_:hf
cljs$core$map_entry_QMARK_:qi
cljs$core$map_indexed$cljs$0core$0IFn$0_invoke$0arity$01:jh
cljs$core$map_indexed$cljs$0core$0IFn$0_invoke$0arity$02:lh
cljs$core$mapcat$cljs$0core$0IFn$0_invoke$0arity$0variadic:Fh
cljs$core$mapv$cljs$0core$0IFn$0_invoke$0arity$02:Lh
cljs$core$max:Uf
cljs$core$max_key:Sj
cljs$core$memoize:Tk
cljs$core$merge:Gj
cljs$core$merge_with:Hj
cljs$core$meta:af
cljs$core$missing_protocol:Zb
cljs$core$name:rg
cljs$core$namespace:ig
cljs$core$nat_int_QMARK_:zf
cljs$core$native_satisfies_QMARK_:Wb
cljs$core$neg_int_QMARK_:yf
cljs$core$never_equiv:Hi
cljs$core$new_path:Xh
cljs$core$newline$cljs$0core$0IFn$0_invoke$0arity$01:yk
cljs$core$next:C
cljs$core$next_STAR_:Ig
cljs$core$nil_QMARK_:Ob
cljs$core$nil_iter:Yg
cljs$core$not:Rb
cljs$core$not_EQ_$cljs$0core$0IFn$0_invoke$0arity$02:Vg
cljs$core$not_empty:Wg
cljs$core$nth:Fe
cljs$core$nth$cljs$0core$0IFn$0_invoke$0arity$02:Ee
cljs$core$nth$cljs$0core$0IFn$0_invoke$0arity$03:J
cljs$core$number_QMARK_:Qb
cljs$core$pack_array_node:oj
cljs$core$pam_grow_seed_array:Wi
cljs$core$pam_new_size:Vi
cljs$core$parents$cljs$0core$0IFn$0_invoke$0arity$01:al
cljs$core$partial$cljs$0core$0IFn$0_invoke$0arity$02:hh
cljs$core$partition$cljs$0core$0IFn$0_invoke$0arity$03:Nh
cljs$core$partition_all$cljs$0core$0IFn$0_invoke$0arity$01:Uj
cljs$core$partition_by$cljs$0core$0IFn$0_invoke$0arity$02:ck
cljs$core$persistent_BANG_:Eg
cljs$core$pop_tail:ci
cljs$core$pos_int_QMARK_:xf
cljs$core$pr$cljs$0core$0IFn$0_invoke$0arity$0variadic:Ak
cljs$core$pr_opts:Hb
cljs$core$pr_sequential_writer:ik
cljs$core$pr_str:zk
cljs$core$pr_str_STAR_:Kd
cljs$core$pr_str_with_opts:xk
cljs$core$pr_writer:qk
cljs$core$pr_writer_impl:pk
cljs$core$prefers_STAR_:cl
cljs$core$prim_seq$cljs$0core$0IFn$0_invoke$0arity$02:G
cljs$core$print:Bk
cljs$core$print_map:rk
cljs$core$print_meta_QMARK_:ok
cljs$core$print_prefix_map:Gk
cljs$core$print_str:Ck
cljs$core$println$cljs$0core$0IFn$0_invoke$0arity$0variadic:Dk
cljs$core$push_tail:Yh
cljs$core$pv_clone_node:Vh
cljs$core$pv_fresh_node:Uh
cljs$core$pv_reduce$cljs$0core$0IFn$0_invoke$0arity$04:fi
cljs$core$pv_reduce$cljs$0core$0IFn$0_invoke$0arity$05:gi
cljs$core$qualified_ident_QMARK_:lg
cljs$core$qualified_keyword_QMARK_:pg
cljs$core$qualified_symbol_QMARK_:ng
cljs$core$quot:Xf
cljs$core$quote_string:nk
cljs$core$random_uuid:nl
cljs$core$range$cljs$0core$0IFn$0_invoke$0arity$03:ak
cljs$core$ranged_iterator:ei
cljs$core$re_find:gk
cljs$core$re_matches:fk
cljs$core$re_seq_STAR_:hk
cljs$core$record_QMARK_:jf
cljs$core$reduce:fc
cljs$core$reduce_kv:Nf
cljs$core$reduced:qe
cljs$core$reduced_QMARK_:re
cljs$core$rem:Yf
cljs$core$remove:Hh
cljs$core$remove_pair:aj
cljs$core$repeat$cljs$0core$0IFn$0_invoke$0arity$01:zh
cljs$core$repeat$cljs$0core$0IFn$0_invoke$0arity$02:Ah
cljs$core$reset_BANG_:qh
cljs$core$reset_cache:bl
cljs$core$rest:ce
cljs$core$reverse:eg
cljs$core$second:Oe
cljs$core$select_keys:Ij
cljs$core$seq:A
cljs$core$seq_QMARK_:rf
cljs$core$seq_reduce:Me
cljs$core$seq_reduce$cljs$0core$0IFn$0_invoke$0arity$02:Le
cljs$core$seq_reduce$cljs$0core$0IFn$0_invoke$0arity$03:Ne
cljs$core$seqable_QMARK_:sf
cljs$core$sequence$cljs$0core$0IFn$0_invoke$0arity$01:bh
cljs$core$sequential_QMARK_:gf
cljs$core$set:Oj
cljs$core$set_QMARK_:ef
cljs$core$simple_ident_QMARK_:kg
cljs$core$simple_keyword_QMARK_:og
cljs$core$simple_symbol_QMARK_:mg
cljs$core$some:dh
cljs$core$some_QMARK_:Sb
cljs$core$sort$cljs$0core$0IFn$0_invoke$0arity$02:Hf
cljs$core$sort_by$cljs$0core$0IFn$0_invoke$0arity$02:Jf
cljs$core$sort_by$cljs$0core$0IFn$0_invoke$0arity$03:Kf
cljs$core$split_with:bk
cljs$core$spread:Bg
cljs$core$str:p
cljs$core$string_QMARK_:Tb
cljs$core$string_hash_cache:Pd
cljs$core$string_hash_cache_count:Qd
cljs$core$string_print:lk
cljs$core$strip_ns:Ek
cljs$core$subvec$cljs$0core$0IFn$0_invoke$0arity$03:yi
cljs$core$swap_BANG_:rh
cljs$core$symbol:Wd
cljs$core$symbol_QMARK_:Td
cljs$core$t_cljs$0core26863:Xg
cljs$core$tail_off:Wh
cljs$core$take:uh
cljs$core$take_while$cljs$0core$0IFn$0_invoke$0arity$02:Vj
cljs$core$throw_no_method_error:jl
cljs$core$to_array:If
cljs$core$transduce$cljs$0core$0IFn$0_invoke$0arity$03:Qf
cljs$core$transduce$cljs$0core$0IFn$0_invoke$0arity$04:Rf
cljs$core$transient$0:Dg
cljs$core$tree_seq:Ih
cljs$core$true_QMARK_:pf
cljs$core$truth_:n
cljs$core$tv_editable_root:ki
cljs$core$tv_editable_tail:li
cljs$core$tv_ensure_editable:zi
cljs$core$tv_push_tail:Ai
cljs$core$type:Xb
cljs$core$type__GT_str:$b
cljs$core$unchecked_array_for:$h
cljs$core$unreduced:se
cljs$core$update:Sh
cljs$core$update_in:Rh
cljs$core$uri_QMARK_:tl
cljs$core$uuid_QMARK_:ol
cljs$core$val:si
cljs$core$vals:Qi
cljs$core$vary_meta$cljs$0core$0IFn$0_invoke$0arity$04:Tg
cljs$core$vary_meta$cljs$0core$0IFn$0_invoke$0arity$06:Ug
cljs$core$vec:pi
cljs$core$vector:ti
cljs$core$vector_QMARK_:kf
cljs$core$vector_index_out_of_bounds:Zh
cljs$core$volatile_BANG_:kh
cljs$core$with_meta:Ze
cljs$core$write_all$cljs$0core$0IFn$0_invoke$0arity$0variadic:kk
cljs$core$zero_QMARK_:bg
cljs$core$zipmap:Rj
cljs$cst$0$flush_on_newline:Ib
cljs$cst$1$readably:Jb
cljs$cst$1002$nl_t:kr
cljs$cst$1003$start_block_t:Xn
cljs$cst$1004$end_block_t:fA
cljs$cst$1005$relative_to:Jl
cljs$cst$1008$indent_t:ay
cljs$cst$1009$start:Vt
cljs$cst$1010$end:en
cljs$cst$1011$block:su
cljs$cst$1012$current:fm
cljs$cst$1013$mandatory:Rr
cljs$cst$1014$fill:BB
cljs$cst$1015$linear:jv
cljs$cst$1016$miser:bm
cljs$cst$1017$logical_blocks:sn
cljs$cst$1018$buffering:Gw
cljs$cst$1019$mode:mo
cljs$cst$1020$pos:$D
cljs$cst$1021$writing:zo
cljs$cst$1025$miser_width:dw
cljs$cst$1026$buffer_block:MB
cljs$cst$1027$pretty_writer:Tr
cljs$cst$1028$sections:Pt
cljs$cst$1029$buffer_level:wr
cljs$cst$1030$stream:rA
cljs$cst$1031$circle:lB
cljs$cst$1032$length:Tp
cljs$cst$1033$lines:Xx
cljs$cst$1034$dispatch:jq
cljs$cst$1035$pretty:eD
cljs$cst$1036$radix:wt
cljs$cst$1037$right_margin:dx
cljs$cst$1038$suppress_namespaces:dE
cljs$cst$1041$seq:us
cljs$cst$1042$rest:kq
cljs$cst$1045$func:Ry
cljs$cst$1046$def:vC
cljs$cst$1049$colon:ty
cljs$cst$105$more_marker:jk
cljs$cst$1050$at:hr
cljs$cst$1051$parameter_from_args:Co
cljs$cst$1052$remaining_arg_count:rn
cljs$cst$1053$minpad:Dz
cljs$cst$1054$mincol:Tv
cljs$cst$1055$colinc:Es
cljs$cst$1056$padchar:Ev
cljs$cst$1057$commainterval:Sw
cljs$cst$1058$commachar:NC
cljs$cst$1059$char_format:Zp
cljs$cst$106$alt_impl:sk
cljs$cst$1060$up_arrow:Ns
cljs$cst$1061$colon_up_arrow:rq
cljs$cst$1062$base_args:Jw
cljs$cst$1063$w:lC
cljs$cst$1064$d:EC
cljs$cst$1065$k:AC
cljs$cst$1066$overflowchar:HC
cljs$cst$1067$e:DC
cljs$cst$1068$exponentchar:Ol
cljs$cst$1069$n:pC
cljs$cst$107$fallback_impl:wk
cljs$cst$1070$selector:Go
cljs$cst$1071$clauses:AD
cljs$cst$1072$max_iterations:oz
cljs$cst$1073$right_params:sy
cljs$cst$1074$else_params:Qu
cljs$cst$1075$min_remaining:KC
cljs$cst$1076$max_columns:yp
cljs$cst$108$val:Hk
cljs$cst$1083$colnum:Kp
cljs$cst$1084$directive:tr
cljs$cst$1085$flags:rB
cljs$cst$1086$both:Fp
cljs$cst$1087$bracket_info:ho
cljs$cst$1088$generator_fn:RB
cljs$cst$1089$right:iv
cljs$cst$109$status:Kk
cljs$cst$1090$allows_separator:Ew
cljs$cst$1091$last:gz
cljs$cst$1092$separator:$A
cljs$cst$1093$first:yt
cljs$cst$1094$arg1:Hw
cljs$cst$1095$arg2:Lw
cljs$cst$1096$arg3:Kw
cljs$cst$1097$right_bracket:et
cljs$cst$1098$cljs_DOT_core_SLASH_deref:ru
cljs$cst$1099$cljs_DOT_core_SLASH_unquote:ku
cljs$cst$110$ready:Lk
cljs$cst$1100$cljs_DOT_core_SLASH_lift_ns:Sx
cljs$cst$1101$private:XC
cljs$cst$1102$cljs_DOT_core:am
cljs$cst$1103$lift_ns:Dw
cljs$cst$1104$not_delivered:$v
cljs$cst$1105$queue:Ym
cljs$cst$1106$deref:iz
cljs$cst$1107$when_first:On
cljs$cst$1108$condp:is
cljs$cst$1109$_DOT__DOT_:om
cljs$cst$111$pending:Mk
cljs$cst$1110$defmacro:xn
cljs$cst$1111$defn:vs
cljs$cst$1112$loop:sp
cljs$cst$1113$struct:Ho
cljs$cst$1114$doseq:Lp
cljs$cst$1115$if_not:vy
cljs$cst$1116$when_not:yv
cljs$cst$1117$when:tu
cljs$cst$1118$with_open:Ex
cljs$cst$1119$with_local_vars:nw
cljs$cst$1120$defonce:FD
cljs$cst$1121$when_let:$l
cljs$cst$1122$dotimes:nz
cljs$cst$1123$cond:sz
cljs$cst$1124$let:lD
cljs$cst$1125$defn_:nu
cljs$cst$1126$locking:VD
cljs$cst$1127$__GT_:hm
cljs$cst$1128$if_let:Zm
cljs$cst$1129$binding:Zn
cljs$cst$1130$struct_map:eA
cljs$cst$1131$bold:vo
cljs$cst$1132$blink:qy
cljs$cst$1133$white:iC
cljs$cst$1134$yellow:Ky
cljs$cst$1135$bg_red:bw
cljs$cst$1136$bg_cyan:fo
cljs$cst$1137$green:ly
cljs$cst$1138$bg_green:Jv
cljs$cst$1139$fg_reset:ny
cljs$cst$1140$cyan:Fz
cljs$cst$1141$bg_black:jx
cljs$cst$1142$fg_256:In
cljs$cst$1143$underline:YC
cljs$cst$1144$bg_magenta:Fl
cljs$cst$1145$strike:Zz
cljs$cst$1146$bg_yellow:qC
cljs$cst$1147$hidden:Ou
cljs$cst$1148$red:mn
cljs$cst$1149$blue:Mv
cljs$cst$1150$bg_white:eu
cljs$cst$1151$bg_256:Jt
cljs$cst$1152$magenta:Iq
cljs$cst$1153$bg_blue:pu
cljs$cst$1154$bg_reset:Cu
cljs$cst$1155$reverse:QC
cljs$cst$1156$black:Gy
cljs$cst$1157$good_key:Pn
cljs$cst$1158$warning_key:Vr
cljs$cst$1159$correct_key:Mp
cljs$cst$1160$highlight:Sy
cljs$cst$1161$focus_path:Er
cljs$cst$1162$bad_value:np
cljs$cst$1163$footer:Vv
cljs$cst$1164$header:co
cljs$cst$1165$good_pred:wu
cljs$cst$1166$good:uw
cljs$cst$1167$focus_key:Wp
cljs$cst$1168$pointer:HA
cljs$cst$1169$bad:Ys
cljs$cst$1170$error_key:fp
cljs$cst$1171$message:sq
cljs$cst$1172$expound_DOT_spec_SLASH_spec_conjunction:bz
cljs$cst$1173$op:qr
cljs$cst$1174$specs:Kx
cljs$cst$1175$expound_DOT_spec_SLASH_kw_or_conjunction:Yn
cljs$cst$1176$cljs_DOT_core_SLASH_qualified_keyword_QMARK_:rz
cljs$cst$1177$conj:Mu
cljs$cst$1178$expound_DOT_spec_SLASH_keys_spec:Rt
cljs$cst$1179$keys:Rs
cljs$cst$1180$clojure_DOT_spec_DOT_alpha_SLASH_keys:ir
cljs$cst$1181$simple:mD
cljs$cst$1182$contains:wv
cljs$cst$1183$arg:Du
cljs$cst$1184$compound:bt
cljs$cst$1185$contains_QMARK_:yo
cljs$cst$1186$expound_DOT_printer_SLASH_print_table:Jx
cljs$cst$1187$columns:sA
cljs$cst$1188$map_rows:En
cljs$cst$1189$any_QMARK_:Rz
cljs$cst$1190$map_QMARK_:wo
cljs$cst$1191$expound_DOT_printer_SLASH_pprint_str:wA
cljs$cst$1192$cljs_DOT_core_SLASH_string_QMARK_:WA
cljs$cst$1193$expound_DOT_printer_SLASH_no_trailing_whitespace:Pq
cljs$cst$1194$s:nC
cljs$cst$1195$expound_DOT_printer_SLASH_indent:jB
cljs$cst$1196$first_line_indent_level:dp
cljs$cst$1197$indent_level:By
cljs$cst$1199$expound_DOT_printer_SLASH_summary_form:bB
cljs$cst$1200$show_valid_values_QMARK_:zn
cljs$cst$1201$highlighted_path:Bm
cljs$cst$1204$expound_DOT_alpha_SLASH_singleton:fy
cljs$cst$1205$expound_DOT_spec_SLASH_spec:OD
cljs$cst$1206$expound_DOT_spec_SLASH_specs:$C
cljs$cst$1207$expound_DOT_spec_DOT_problem_SLASH_via:CD
cljs$cst$1208$expound_DOT_spec_SLASH_problems:EB
cljs$cst$1209$expound_DOT_printer_SLASH_show_valid_values_QMARK_:Xv
cljs$cst$1210$expound_DOT_printer_SLASH_value_str_fn:xB
cljs$cst$1211$cljs_DOT_core_SLASH_ifn_QMARK_:at
cljs$cst$1212$expound_DOT_printer_SLASH_print_specs_QMARK_:Dr
cljs$cst$1213$expound_DOT_printer_SLASH_theme:xq
cljs$cst$1214$figwheel_theme:Us
cljs$cst$1215$expound_DOT_printer_SLASH_opts:CB
cljs$cst$1216$value_str_fn:so
cljs$cst$1217$print_specs_QMARK_:Mx
cljs$cst$1218$theme:qq
cljs$cst$1219$cljs_DOT_spec_DOT_alpha_SLASH_spec_QMARK_:jn
cljs$cst$1220$expound_DOT_alpha_SLASH_value_in_context:aD
cljs$cst$1221$opts:Fm
cljs$cst$1222$spec_name:GD
cljs$cst$1223$value:Uw
cljs$cst$1225$expound_DOT_alpha_SLASH_specs:tn
cljs$cst$1226$problems:Fu
cljs$cst$1227$mm:Jr
cljs$cst$1228$cljs_DOT_spec_DOT_alpha_SLASH_multi_spec:vp
cljs$cst$1229$cljs_DOT_core_SLASH_last:Xy
cljs$cst$1230$problem:Tn
cljs$cst$1231$show_conformed_QMARK_:Bw
cljs$cst$1232$expound_DOT_alpha_SLASH_no_value_found:tm
cljs$cst$1233$expound_DOT_problem_group_SLASH_one_value:yq
cljs$cst$1234$cljs_DOT_spec_DOT_alpha_SLASH__STAR_runtime_asserts_STAR_:ax
cljs$cst$1235$dynamic:Uy
cljs$cst$1236$cljs_DOT_spec_DOT_alpha:Yu
cljs$cst$1237$_STAR_runtime_asserts_STAR_:bE
cljs$cst$1238$expound_DOT_problem_group_SLASH_many_values:nn
cljs$cst$1239$cljs_DOT_spec_DOT_alpha_SLASH_keys_STAR_:Ht
cljs$cst$1240$path_prefix:Wn
cljs$cst$1241$via_prefix:jD
cljs$cst$1242$expound_SLASH_value_that_should_never_match:Gt
cljs$cst$1243$expound_SLASH_no_spec_name:Yt
cljs$cst$1244$expound_SLASH_check_fn_call:fv
cljs$cst$1256$expound_DOT_alpha_SLASH_error_message:Fq
cljs$cst$1257$expound_DOT_alpha_SLASH_custom_printer:Dn
cljs$cst$1258$expound_DOT_alpha_SLASH_printer:nm
cljs$cst$1259$expound_DOT_alpha_SLASH_expound_str:Qq
cljs$cst$126$keyword_fn:Sk
cljs$cst$1260$expound_DOT_alpha_SLASH_expound:on
cljs$cst$1261$expound_DOT_alpha_SLASH_defmsg:up
cljs$cst$1262$error_message:pp
cljs$cst$1263$expound_DOT_alpha_SLASH_undefmsg:Zo
cljs$cst$1264$expound_DOT_alpha_SLASH_explain_result:Ww
cljs$cst$1265$check_result:Ox
cljs$cst$1266$expound_DOT_alpha_SLASH_explain_result_str:XB
cljs$cst$1267$expound_DOT_alpha_SLASH_explain_results:Fy
cljs$cst$1268$check_results:dD
cljs$cst$1269$s_SLASH_nilable:yr
cljs$cst$1270$expound_DOT_alpha_SLASH_explain_results_str:Aw
cljs$cst$128$parents:Xk
cljs$cst$1283$tempids:os
cljs$cst$1284$com_DOT_fulcrologic_DOT_fulcro_DOT_application_SLASH_state_atom:Au
cljs$cst$1285$com_DOT_fulcrologic_DOT_fulcro_DOT_application_SLASH_runtime_atom:hB
cljs$cst$1286$com_DOT_fulcrologic_DOT_fulcro_DOT_transactions_SLASH_submission_queue:Zw
cljs$cst$1287$com_DOT_fulcrologic_DOT_fulcro_DOT_transactions_SLASH_active_queue:Nl
cljs$cst$1288$com_DOT_fulcrologic_DOT_fulcro_DOT_transactions_SLASH_send_queues:vr
cljs$cst$1289$writers:Al
cljs$cst$129$descendants:Yk
cljs$cst$1292$com_DOT_fulcrologic_DOT_fulcro_DOT_algorithms_DOT_transit_SLASH_reader:Mq
cljs$cst$1293$com_DOT_fulcrologic_DOT_fulcro_DOT_algorithms_DOT_transit_SLASH_writer:uC
cljs$cst$1294$writer:Xt
cljs$cst$1295$reader:Bz
cljs$cst$1296$props:Fn
cljs$cst$1297$fulcro$app:fx
cljs$cst$1298$com_DOT_fulcrologic_DOT_fulcro_DOT_application_SLASH_shared_props:yy
cljs$cst$1299$displayName:Xo
cljs$cst$130$ancestors:Zk
cljs$cst$1300$fulcro$registryKey:zz
cljs$cst$1301$fulcro_DOT_client_DOT_primitives_SLASH_computed:Zl
cljs$cst$1302$fulcro$value:Oq
cljs$cst$1303$state:Dt
cljs$cst$1304$fulcro$options:UB
cljs$cst$1305$initial_state:bu
cljs$cst$1306$pre_merge:Mz
cljs$cst$1308$computed:qB
cljs$cst$1309$com_DOT_fulcrologic_DOT_fulcro_DOT_algorithms_DOT_merge_SLASH_not_found:mB
cljs$cst$1310$com_DOT_fulcrologic_DOT_fulcro_DOT_components_SLASH_queries:ct
cljs$cst$1311$component_key:Ax
cljs$cst$1312$queryid:Fs
cljs$cst$1313$class:km
cljs$cst$1314$tx_BANG_:Vu
cljs$cst$1315$after_render_QMARK_:ms
cljs$cst$1316$ref:pn
cljs$cst$1317$synchronous_QMARK_:Iu
cljs$cst$1318$index_root_BANG_:MD
cljs$cst$1319$schedule_render_BANG_:iA
cljs$cst$1320$force_root_QMARK_:aA
cljs$cst$1321$preserve_dynamic_query_QMARK_:Cv
cljs$cst$1323$com_DOT_fulcrologic_DOT_fulcro_DOT_application_SLASH_config:go
cljs$cst$1324$external_config:nD
cljs$cst$1329$com_DOT_fulcrologic_DOT_fulcro_DOT_algorithms_DOT_data_targeting_SLASH_target:eC
cljs$cst$1330$com_DOT_fulcrologic_DOT_fulcro_DOT_algorithms_DOT_data_targeting_SLASH_multiple_targets:Bp
cljs$cst$1331$com_DOT_fulcrologic_DOT_fulcro_DOT_algorithms_DOT_data_targeting_SLASH_prepend_target:xp
cljs$cst$1332$com_DOT_fulcrologic_DOT_fulcro_DOT_algorithms_DOT_data_targeting_SLASH_append_target:Im
cljs$cst$1333$com_DOT_fulcrologic_DOT_fulcro_DOT_algorithms_DOT_data_targeting_SLASH_replace_target:$m
cljs$cst$1334$prepend:Zq
cljs$cst$1335$append:fC
cljs$cst$1336$replace:PD
cljs$cst$1337$com_DOT_fulcrologic_DOT_fulcro_DOT_components_SLASH_component_class:lt
cljs$cst$1338$com_DOT_fulcrologic_DOT_fulcro_DOT_components_SLASH_component_class_QMARK_:kB
cljs$cst$1340$fulcro$depth:wx
cljs$cst$1341$componentDidMount:oB
cljs$cst$1342$index_component_BANG_:Vl
cljs$cst$1343$componentDidUpdate:FB
cljs$cst$1344$drop_component_BANG_:Gq
cljs$cst$1345$componentWillUnmount:ao
cljs$cst$1346$initLocalState:TA
cljs$cst$1347$componentWillMount:Cp
cljs$cst$1348$componentDidCatch:Xl
cljs$cst$1349$UNSAFE_componentWillMount:Cy
cljs$cst$1350$getSnapshotBeforeUpdate:gm
cljs$cst$1351$UNSAFE_componentWillUpdate:rC
cljs$cst$1352$getDerivedStateFromProps:uq
cljs$cst$1353$getDerivedStateFromError:uD
cljs$cst$1354$componentWillReceiveProps:hq
cljs$cst$1355$shouldComponentUpdate:Cq
cljs$cst$1356$render:Am
cljs$cst$1357$componentWillUpdate:Bv
cljs$cst$1358$UNSAFE_componentWillReceiveProps:Zs
cljs$cst$1359$fulcro$isComponent:zp
cljs$cst$1360$fulcro$class:bC
cljs$cst$1361$cljs$lang$type:hA
cljs$cst$1362$cljs$lang$ctorStr:Br
cljs$cst$1363$cljs$lang$ctorPrWriter:ez
cljs$cst$1364$render_middleware:xA
cljs$cst$1365$keyfn:Vx
cljs$cst$1366$react_key:Ot
cljs$cst$1367$props_middleware:or
cljs$cst$1368$com_DOT_fulcrologic_DOT_fulcro_DOT_application_SLASH_indexes:Tq
cljs$cst$1369$ident__GT_components:Yv
cljs$cst$1370$prop__GT_classes:Ay
cljs$cst$1371$class__GT_components:lv
cljs$cst$1372$optimistic_QMARK_:JD
cljs$cst$1373$com_DOT_fulcrologic_DOT_fulcro_DOT_application_SLASH_basis_t:yx
cljs$cst$1375$com_DOT_fulcrologic_DOT_fulcro_DOT_algorithms_DOT_normalize_SLASH_tag:Pr
cljs$cst$1376$fulcro_SLASH_leaf:$r
cljs$cst$1377$state_map:eq
cljs$cst$1378$current_normalized:MA
cljs$cst$1379$data_tree:yC
cljs$cst$138$uuid:Uz
cljs$cst$1380$com_DOT_fulcrologic_DOT_fulcro_DOT_algorithms_DOT_merge_SLASH_temporary_key:Mn
cljs$cst$1381$remove_missing_QMARK_:Vq
cljs$cst$1382$com_DOT_fulcrologic_DOT_fulcro_DOT_algorithms_DOT_merge_SLASH_merge:Zt
cljs$cst$1383$com_DOT_fulcrologic_DOT_fulcro_DOT_mutations_SLASH_env:hy
cljs$cst$1384$com_DOT_fulcrologic_DOT_fulcro_DOT_application_SLASH_app:Gs
cljs$cst$1385$app:yl
cljs$cst$1386$com_DOT_fulcrologic_DOT_fulcro_DOT_mutations_SLASH_returning:JB
cljs$cst$1387$com_DOT_fulcrologic_DOT_fulcro_DOT_raw_DOT_components_SLASH_component_class_QMARK_:ZA
cljs$cst$1388$com_DOT_fulcrologic_DOT_fulcro_DOT_mutations_SLASH_mutation_error:It
cljs$cst$1389$remote_error_QMARK_:Ds
cljs$cst$139$_AMPERSAND_:Is
cljs$cst$1390$global_error_action:Wm
cljs$cst$1391$ok_action:xm
cljs$cst$1392$error_action:Ln
cljs$cst$1393$body:lo
cljs$cst$1394$tempid__GT_realid:Bn
cljs$cst$1395$mutation_ast:oD
cljs$cst$1396$transmitted_ast:Fv
cljs$cst$1397$transaction:QA
cljs$cst$1398$com_DOT_fulcrologic_DOT_fulcro_DOT_mutations_SLASH_toggle:vx
cljs$cst$1399$field:Qv
cljs$cst$140$case_STAR_:av
cljs$cst$1400$com_DOT_fulcrologic_DOT_fulcro_DOT_mutations_SLASH_set_props:Xs
cljs$cst$1404$action:ux
cljs$cst$1405$result_action:gt
cljs$cst$1406$default_result_action_BANG_:aq
cljs$cst$1407$com_DOT_fulcrologic_DOT_fulcro_DOT_application_SLASH_root_class:Iz
cljs$cst$1408$root_props:sm
cljs$cst$1409$linked_props:xu
cljs$cst$141$defrecord_STAR_:zC
cljs$cst$1410$idents_in_joins:Dv
cljs$cst$1411$com_DOT_fulcrologic_DOT_fulcro_DOT_algorithms_DOT_indexing_SLASH_reindex:aC
cljs$cst$1412$com_DOT_fulcrologic_DOT_fulcro_DOT_algorithms_DOT_tx_processing_SLASH_id:QB
cljs$cst$1413$cljs_DOT_core_SLASH_uuid_QMARK_:nx
cljs$cst$1414$com_DOT_fulcrologic_DOT_fulcro_DOT_algorithms_DOT_tx_processing_SLASH_idx:uo
cljs$cst$1415$cljs_DOT_core_SLASH_int_QMARK_:Ru
cljs$cst$1416$com_DOT_fulcrologic_DOT_fulcro_DOT_algorithms_DOT_tx_processing_SLASH_created:rr
cljs$cst$1417$cljs_DOT_core_SLASH_inst_QMARK_:cy
cljs$cst$1418$com_DOT_fulcrologic_DOT_fulcro_DOT_algorithms_DOT_tx_processing_SLASH_started:RA
cljs$cst$1419$com_DOT_fulcrologic_DOT_fulcro_DOT_algorithms_DOT_tx_processing_SLASH_finished:Kq
cljs$cst$142$try:RC
cljs$cst$1420$com_DOT_fulcrologic_DOT_fulcro_DOT_algorithms_DOT_tx_processing_SLASH_tx:oC
cljs$cst$1421$com_DOT_fulcrologic_DOT_fulcro_DOT_algorithms_DOT_tx_processing_SLASH_abort_id:zl
cljs$cst$1422$com_DOT_fulcrologic_DOT_fulcro_DOT_algorithms_DOT_tx_processing_SLASH_options:bs
cljs$cst$1423$abort_id:ou
cljs$cst$1424$com_DOT_fulcrologic_DOT_fulcro_DOT_algorithms_DOT_tx_processing_SLASH_started_QMARK_:Ap
cljs$cst$1425$com_DOT_fulcrologic_DOT_fulcro_DOT_algorithms_DOT_tx_processing_SLASH_complete_QMARK_:Yp
cljs$cst$1426$com_DOT_fulcrologic_DOT_fulcro_DOT_algorithms_DOT_tx_processing_SLASH_results:iq
cljs$cst$1427$keyword_QMARK_:Fr
cljs$cst$1428$com_DOT_fulcrologic_DOT_fulcro_DOT_algorithms_DOT_tx_processing_SLASH_progress:kz
cljs$cst$1429$com_DOT_fulcrologic_DOT_fulcro_DOT_algorithms_DOT_tx_processing_SLASH_transmitted_ast_nodes:lm
cljs$cst$143$ns_STAR_:Eu
cljs$cst$1430$com_DOT_fulcrologic_DOT_fulcro_DOT_algorithms_DOT_tx_processing_SLASH_dispatch:Qm
cljs$cst$1431$com_DOT_fulcrologic_DOT_fulcro_DOT_algorithms_DOT_tx_processing_SLASH_ast:qD
cljs$cst$1432$com_DOT_fulcrologic_DOT_fulcro_DOT_algorithms_DOT_tx_processing_SLASH_original_ast_node:es
cljs$cst$1433$com_DOT_fulcrologic_DOT_fulcro_DOT_algorithms_DOT_tx_processing_SLASH_desired_ast_nodes:vB
cljs$cst$1434$com_DOT_fulcrologic_DOT_fulcro_DOT_algorithms_DOT_tx_processing_SLASH_tx_element:XD
cljs$cst$1435$com_DOT_fulcrologic_DOT_fulcro_DOT_algorithms_DOT_tx_processing_SLASH_elements:SA
cljs$cst$1436$com_DOT_fulcrologic_DOT_fulcro_DOT_algorithms_DOT_tx_processing_SLASH_tx_node:Mt
cljs$cst$1437$com_DOT_fulcrologic_DOT_fulcro_DOT_algorithms_DOT_tx_processing_SLASH_result_handler:Op
cljs$cst$1438$com_DOT_fulcrologic_DOT_fulcro_DOT_algorithms_DOT_tx_processing_SLASH_update_handler:So
cljs$cst$1439$com_DOT_fulcrologic_DOT_fulcro_DOT_algorithms_DOT_tx_processing_SLASH_active_QMARK_:ww
cljs$cst$144$finally:Qy
cljs$cst$1440$com_DOT_fulcrologic_DOT_fulcro_DOT_algorithms_DOT_tx_processing_SLASH_parallel_QMARK_:qA
cljs$cst$1441$com_DOT_fulcrologic_DOT_fulcro_DOT_algorithms_DOT_tx_processing_SLASH_send_node:bA
cljs$cst$1442$com_DOT_fulcrologic_DOT_fulcro_DOT_algorithms_DOT_tx_processing_SLASH_submission_queue:fs
cljs$cst$1443$com_DOT_fulcrologic_DOT_fulcro_DOT_algorithms_DOT_tx_processing_SLASH_active_queue:rD
cljs$cst$1444$com_DOT_fulcrologic_DOT_fulcro_DOT_algorithms_DOT_tx_processing_SLASH_send_queue:jp
cljs$cst$1445$com_DOT_fulcrologic_DOT_fulcro_DOT_algorithms_DOT_tx_processing_SLASH_send_queues:mA
cljs$cst$1446$com_DOT_fulcrologic_DOT_fulcro_DOT_application_SLASH_remote_name:kx
cljs$cst$1447$com_DOT_fulcrologic_DOT_fulcro_DOT_algorithms_DOT_tx_processing_SLASH_activation_scheduled_QMARK_:Az
cljs$cst$1448$com_DOT_fulcrologic_DOT_fulcro_DOT_algorithms_DOT_tx_processing_SLASH_sends_scheduled_QMARK_:hn
cljs$cst$1449$com_DOT_fulcrologic_DOT_fulcro_DOT_algorithms_DOT_tx_processing_SLASH_queue_processing_scheduled_QMARK_:Su
cljs$cst$145$loop_STAR_:iy
cljs$cst$1450$com_DOT_fulcrologic_DOT_fulcro_DOT_algorithms_DOT_do_not_use_SLASH_atom_QMARK_:sr
cljs$cst$1451$com_DOT_fulcrologic_DOT_fulcro_DOT_application_SLASH_app_root:zm
cljs$cst$1452$com_DOT_fulcrologic_DOT_fulcro_DOT_application_SLASH_ident__GT_components:wD
cljs$cst$1453$eql_SLASH_ident_QMARK_:qx
cljs$cst$1454$set_QMARK_:Sv
cljs$cst$1455$com_DOT_fulcrologic_DOT_fulcro_DOT_application_SLASH_prop__GT_classes:ks
cljs$cst$1456$s_SLASH_or:cC
cljs$cst$1457$com_DOT_fulcrologic_DOT_fulcro_DOT_application_SLASH_class__GT_components:gr
cljs$cst$1458$com_DOT_fulcrologic_DOT_fulcro_DOT_application_SLASH_idents_in_joins:Xq
cljs$cst$1459$com_DOT_fulcrologic_DOT_fulcro_DOT_application_SLASH_keyword__GT_components:uy
cljs$cst$146$do:Wy
cljs$cst$1460$keyword__GT_components:uA
cljs$cst$1461$com_DOT_fulcrologic_DOT_fulcro_DOT_application_SLASH_remote_names:Pz
cljs$cst$1462$com_DOT_fulcrologic_DOT_fulcro_DOT_application_SLASH_remotes:fn
cljs$cst$1463$com_DOT_fulcrologic_DOT_fulcro_DOT_application_SLASH_active_remotes:hv
cljs$cst$1464$cljs_DOT_core_SLASH_pos_int_QMARK_:Bu
cljs$cst$1465$com_DOT_fulcrologic_DOT_fulcro_DOT_application_SLASH_last_rendered_state:pq
cljs$cst$1466$com_DOT_fulcrologic_DOT_fulcro_DOT_application_SLASH_runtime_state:Tt
cljs$cst$1467$com_DOT_fulcrologic_DOT_fulcro_DOT_algorithm_SLASH_tx_BANG_:tB
cljs$cst$1468$com_DOT_fulcrologic_DOT_fulcro_DOT_algorithm_SLASH_optimized_render_BANG_:El
cljs$cst$1469$com_DOT_fulcrologic_DOT_fulcro_DOT_algorithm_SLASH_render_BANG_:sw
cljs$cst$147$letfn_STAR_:ln
cljs$cst$1470$com_DOT_fulcrologic_DOT_fulcro_DOT_algorithm_SLASH_merge_STAR_:hp
cljs$cst$1471$com_DOT_fulcrologic_DOT_fulcro_DOT_algorithm_SLASH_remote_error_QMARK_:Xp
cljs$cst$1472$com_DOT_fulcrologic_DOT_fulcro_DOT_algorithm_SLASH_schedule_render_BANG_:Rn
cljs$cst$1473$com_DOT_fulcrologic_DOT_fulcro_DOT_algorithm_SLASH_global_eql_transform:nB
cljs$cst$1474$com_DOT_fulcrologic_DOT_fulcro_DOT_algorithm_SLASH_shared_fn:kv
cljs$cst$1475$com_DOT_fulcrologic_DOT_fulcro_DOT_algorithm_SLASH_global_error_action:oq
cljs$cst$1476$com_DOT_fulcrologic_DOT_fulcro_DOT_algorithm_SLASH_default_result_action_BANG_:tp
cljs$cst$1477$com_DOT_fulcrologic_DOT_fulcro_DOT_algorithm_SLASH_index_root_BANG_:Gu
cljs$cst$1478$com_DOT_fulcrologic_DOT_fulcro_DOT_algorithm_SLASH_index_component_BANG_:rx
cljs$cst$1479$com_DOT_fulcrologic_DOT_fulcro_DOT_algorithm_SLASH_drop_component_BANG_:hD
cljs$cst$148$if:Jz
cljs$cst$1480$com_DOT_fulcrologic_DOT_fulcro_DOT_algorithm_SLASH_props_middleware:Qw
cljs$cst$1481$com_DOT_fulcrologic_DOT_fulcro_DOT_algorithm_SLASH_render_middleware:lp
cljs$cst$1486$fulcro_DOT_inspect_DOT_core_SLASH_app_uuid:Tx
cljs$cst$1487$fulcro_DOT_inspect_DOT_core_SLASH_app_id:cB
cljs$cst$1488$com_DOT_fulcrologic_DOT_fulcro_DOT_application_SLASH_id:zv
cljs$cst$1489$com_DOT_fulcrologic_DOT_fulcro_DOT_inspect_DOT_inspect_client_SLASH_time:qw
cljs$cst$149$new:vw
cljs$cst$1490$com_DOT_fulcrologic_DOT_fulcro_DOT_inspect_DOT_inspect_client_SLASH_history:Jn
cljs$cst$1491$fulcro_DOT_inspect_DOT_client_SLASH_db_changed_BANG_:um
cljs$cst$1492$fulcro_DOT_inspect_DOT_client_SLASH_state_id:Tu
cljs$cst$1495$fulcro_DOT_inspect_DOT_client_SLASH_transact_inspector:$x
cljs$cst$1496$fulcro_DOT_inspect_DOT_client_SLASH_tx:yD
cljs$cst$1497$fulcro_DOT_inspect_DOT_client_SLASH_tx_ref:Ls
cljs$cst$150$deftype_STAR_:kA
cljs$cst$1500$fulcro_DOT_inspect_DOT_ui_DOT_network_SLASH_history_id:nr
cljs$cst$1501$fulcro_DOT_inspect_DOT_ui_DOT_network_SLASH_request_start:Hq
cljs$cst$1502$fulcro_DOT_inspect_DOT_ui_DOT_network_SLASH_remote:it
cljs$cst$1503$fulcro_DOT_inspect_DOT_ui_DOT_network_SLASH_request_id:dz
cljs$cst$1504$fulcro_DOT_inspect_DOT_ui_DOT_network_SLASH_request_started_at:Ix
cljs$cst$1505$fulcro_DOT_inspect_DOT_ui_DOT_network_SLASH_request_edn:aB
cljs$cst$1506$fulcro_DOT_inspect_DOT_ui_DOT_network_SLASH_request_finish:Ts
cljs$cst$1507$fulcro_DOT_inspect_DOT_ui_DOT_network_SLASH_request_finished_at:CC
cljs$cst$1508$fulcro_DOT_inspect_DOT_ui_DOT_network_SLASH_response_edn:vm
cljs$cst$1509$fulcro_DOT_inspect_DOT_ui_DOT_network_SLASH_error:Ip
cljs$cst$151$let_STAR_:OC
cljs$cst$1510$fulcro_DOT_inspect_DOT_client_SLASH_init_app:Hr
cljs$cst$1511$fulcro_DOT_inspect_DOT_client_SLASH_remotes:no
cljs$cst$1519$tx:Nt
cljs$cst$152$js_STAR_:$q
cljs$cst$1523$transmit_BANG_:rt
cljs$cst$1529$fulcro_DOT_inspect_DOT_client_SLASH_initial_state:DB
cljs$cst$153$fn_STAR_:gq
cljs$cst$1530$tx_id:Mm
cljs$cst$1531$state_id_before:im
cljs$cst$1532$db_before:rp
cljs$cst$1533$db_after:xt
cljs$cst$1534$fulcro_DOT_inspect_DOT_ui_DOT_transactions_SLASH_tx_id:IB
cljs$cst$1535$fulcro_DOT_history_SLASH_client_time:ep
cljs$cst$1536$fulcro_DOT_history_SLASH_tx:mv
cljs$cst$1537$fulcro_DOT_history_SLASH_db_before_id:fD
cljs$cst$1538$fulcro_DOT_history_SLASH_db_after_id:tv
cljs$cst$1539$fulcro_DOT_history_SLASH_network_sends:yn
cljs$cst$154$recur:gu
cljs$cst$1540$ident_ref:dA
cljs$cst$1541$fulcro_DOT_inspect_DOT_client_SLASH_new_client_transaction:Iw
cljs$cst$1542$parallel_QMARK_:Ll
cljs$cst$1543$writes:Wt
cljs$cst$1544$status_code:em
cljs$cst$1545$client_exception:Pv
cljs$cst$1546$done_QMARK_:Tz
cljs$cst$1547$new_elements:Uu
cljs$cst$1548$com_DOT_fulcrologic_DOT_fulcro_DOT_algorithms_DOT_tx_processing_SLASH_state_before_action:$u
cljs$cst$1549$state_before_action:Lq
cljs$cst$155$set_BANG_:Uv
cljs$cst$1550$global_eql_transform:ND
cljs$cst$1551$transacted_ast:No
cljs$cst$1552$progress:Ft
cljs$cst$1553$progress_action:Yx
cljs$cst$1554$refresh:iE
cljs$cst$1555$com_DOT_fulcrologic_DOT_fulcro_DOT_application_SLASH_to_refresh:er
cljs$cst$1556$render_BANG_:kD
cljs$cst$1557$only_refresh:Ow
cljs$cst$1558$com_DOT_fulcrologic_DOT_fulcro_DOT_application_SLASH_only_refresh:Oz
cljs$cst$1559$abort_BANG_:pD
cljs$cst$156$_DOT_:Os
cljs$cst$1560$status_text:Ly
cljs$cst$1561$com_DOT_fulcrologic_DOT_fulcro_DOT_algorithms_DOT_tx_processing_SLASH_aborted_QMARK_:Gp
cljs$cst$1568$com_DOT_fulcrologic_DOT_fulcro_DOT_algorithm_SLASH_abort_BANG_:RD
cljs$cst$1569$loading:SB
cljs$cst$157$var:Cz
cljs$cst$1570$failed:xv
cljs$cst$1571$ui_DOT_fulcro_DOT_client_DOT_data_fetch_DOT_load_markers_SLASH_by_id:CA
cljs$cst$1573$fallback:tt
cljs$cst$1574$marker:Wq
cljs$cst$1575$post_mutation:zA
cljs$cst$1577$post_mutation_params:zq
cljs$cst$1579$post_action:lw
cljs$cst$158$quote:fz
cljs$cst$1580$source_key:vA
cljs$cst$1581$load_params:jC
cljs$cst$1582$com_DOT_fulcrologic_DOT_fulcro_DOT_data_fetch_SLASH_internal_load_BANG_:Ux
cljs$cst$1583$load_marker_default:Vs
cljs$cst$1584$query_transform_default:tz
cljs$cst$1585$load_mutation:vt
cljs$cst$1587$shared_fn:gp
cljs$cst$1588$com_DOT_fulcrologic_DOT_fulcro_DOT_application_SLASH_static_shared_props:qs
cljs$cst$1589$core_render_BANG_:Nq
cljs$cst$159$catch:OA
cljs$cst$1590$root_props_changed_QMARK_:Hl
cljs$cst$1591$batch_notifications:cv
cljs$cst$1592$com_DOT_fulcrologic_DOT_fulcro_DOT_application_SLASH_render_listeners:Lm
cljs$cst$1593$com_DOT_fulcrologic_DOT_fulcro_DOT_application_SLASH_render_scheduled_QMARK_:Wz
cljs$cst$1594$unmount_root_BANG_:mz
cljs$cst$1595$client_did_mount:Wx
cljs$cst$1596$initial_db:Jm
cljs$cst$1597$remotes:VA
cljs$cst$1598$client_will_mount:AB
cljs$cst$1599$hydrate_root_BANG_:cr
cljs$cst$160$throw:Rp
cljs$cst$1600$render_root_BANG_:Gm
cljs$cst$1601$optimized_render_BANG_:Sq
cljs$cst$1602$submit_transaction_BANG_:Jo
cljs$cst$1603$abort_transaction_BANG_:gv
cljs$cst$1604$root_class:dq
cljs$cst$1605$shared:xw
cljs$cst$1606$started_callback:Vp
cljs$cst$1607$com_DOT_fulcrologic_DOT_fulcro_DOT_algorithm_SLASH_initialize_state_BANG_:Xm
cljs$cst$1608$com_DOT_fulcrologic_DOT_fulcro_DOT_algorithm_SLASH_batch_notifications:tD
cljs$cst$1609$com_DOT_fulcrologic_DOT_fulcro_DOT_algorithm_SLASH_core_render_BANG_:Nv
cljs$cst$161$def:EA
cljs$cst$1610$com_DOT_fulcrologic_DOT_fulcro_DOT_algorithm_SLASH_hydrate_root_BANG_:Dm
cljs$cst$1611$com_DOT_fulcrologic_DOT_fulcro_DOT_algorithm_SLASH_unmount_root_BANG_:Gl
cljs$cst$1612$com_DOT_fulcrologic_DOT_fulcro_DOT_algorithm_SLASH_render_root_BANG_:wq
cljs$cst$1613$com_DOT_fulcrologic_DOT_fulcro_DOT_application_SLASH_mount_node:Hm
cljs$cst$1614$com_DOT_fulcrologic_DOT_fulcro_DOT_application_SLASH_mutate:vD
cljs$cst$1615$com_DOT_fulcrologic_DOT_fulcro_DOT_application_SLASH_root_factory:mq
cljs$cst$1616$com_DOT_fulcrologic_DOT_fulcro_DOT_algorithms_DOT_tx_processing_SLASH_after_render:Kt
cljs$cst$1621$hydrate_QMARK_:yB
cljs$cst$1623$com_DOT_fulcrologic_DOT_fulcro_DOT_rendering_DOT_multiple_roots_renderer_SLASH_known_roots:Il
cljs$cst$1627$initialize_state_QMARK_:wp
cljs$cst$1628$disable_client_did_mount_QMARK_:qm
cljs$cst$1629$model__GT_string:Hy
cljs$cst$1630$string__GT_model:Bx
cljs$cst$1631$string_filter:wl
cljs$cst$1632$oldPropValue:UC
cljs$cst$1633$on_change:Om
cljs$cst$1634$onChange:Wr
cljs$cst$1635$stringValue:uu
cljs$cst$1636$onBlur:LC
cljs$cst$1637$com_DOT_fulcrologic_DOT_fulcro_DOT_dom_DOT_inputs_SLASH_KeywordInput:nv
cljs$cst$1638$com_DOT_fulcrologic_DOT_fulcro_DOT_dom_DOT_inputs_SLASH_IntInput:vl
cljs$cst$166$ns:Yr
cljs$cst$169$form:Gr
cljs$cst$183$buffer:Po
cljs$cst$1833$com_DOT_fulcrologic_DOT_fulcro_DOT_dom_SLASH_Input:Py
cljs$cst$1834$app_DOT_client_SLASH_Root:Or
cljs$cst$184$offset:Ov
cljs$cst$186$nil:ul
cljs$cst$187$string:Sz
cljs$cst$188$strable:Gv
cljs$cst$189$vector:Ey
cljs$cst$190$list:Fw
cljs$cst$191$map:FA
cljs$cst$192$set:xs
cljs$cst$193$hierarchy:ut
cljs$cst$194$default:ll
cljs$cst$195$type:Ku
cljs$cst$198$file:KB
cljs$cst$199$line:Xu
cljs$cst$2$meta:Kb
cljs$cst$206$column:pr
cljs$cst$207$end_line:eE
cljs$cst$208$end_column:Qn
cljs$cst$209$symbol:Hp
cljs$cst$211$keyword:js
cljs$cst$215$else:ts
cljs$cst$216$none:Lu
cljs$cst$220$allow:Et
cljs$cst$224$clojure_DOT_core_SLASH_unquote:eB
cljs$cst$232$sym:cz
cljs$cst$238$clojure_DOT_core_SLASH_deref:yz
cljs$cst$240$readers:NA
cljs$cst$241$inst:Fo
cljs$cst$242$queue:ZB
cljs$cst$243$js:Zu
cljs$cst$244$msg_:Pm
cljs$cst$245$cljs_DOT_core_SLASH_fn:Aq
cljs$cst$246$x:pt
cljs$cst$247$cljs_DOT_core_SLASH__EQ_:QD
cljs$cst$255$cljs_DOT_core_SLASH_contains_QMARK_:ip
cljs$cst$257$cljs_DOT_core_SLASH_count:vq
cljs$cst$259$cljs_DOT_core_SLASH__LT__EQ_:DD
cljs$cst$261$cljs_DOT_core_SLASH_and:lr
cljs$cst$262$cljs_DOT_core_SLASH_or:Ir
cljs$cst$269$_QMARK_err:Nr
cljs$cst$272$_QMARK_line:jo
cljs$cst$277$doc:LA
cljs$cst$279$given:io
cljs$cst$28$fn:lz
cljs$cst$288$kw:hs
cljs$cst$289$name:to
cljs$cst$3$dup:Lb
cljs$cst$318$min:Pp
cljs$cst$319$max:KA
cljs$cst$321$version:dB
cljs$cst$322$qualifier:nA
cljs$cst$323$min_version:du
cljs$cst$324$your_version:xz
cljs$cst$348$m:mt
cljs$cst$351$rl_SLASH_reset:nq
cljs$cst$352$rl_SLASH_all:jz
cljs$cst$353$rl_SLASH_peek:LB
cljs$cst$354$req_id:Np
cljs$cst$360$ms:Mr
cljs$cst$361$weeks:Iy
cljs$cst$362$msecs:Zy
cljs$cst$363$months:AA
cljs$cst$364$secs:Qt
cljs$cst$365$mins:yA
cljs$cst$366$days:Iv
cljs$cst$367$hours:Oo
cljs$cst$368$years:gy
cljs$cst$375$hash:ew
cljs$cst$378$params:GA
cljs$cst$382$auto:st
cljs$cst$4$print_length:Mb
cljs$cst$410$args:rw
cljs$cst$411$any:Rl
cljs$cst$412$cache_QMARK_:yw
cljs$cst$413$whitelist:br
cljs$cst$414$deny:Js
cljs$cst$415$blacklist:ED
cljs$cst$416$allow_spec:lu
cljs$cst$417$deny_spec:Ao
cljs$cst$420$fn:Bq
cljs$cst$428$in:ws
cljs$cst$442$result:Ty
cljs$cst$443$debug:ps
cljs$cst$444$trace:bx
cljs$cst$445$info:sB
cljs$cst$446$warn:Zx
cljs$cst$447$error:jw
cljs$cst$448$fatal:dr
cljs$cst$449$report:lA
cljs$cst$454$enabled_QMARK_:Vz
cljs$cst$455$async_QMARK_:Wu
cljs$cst$456$min_level:Tw
cljs$cst$457$rate_limit:Pw
cljs$cst$458$output_fn:Nn
cljs$cst$459$inherit:PC
cljs$cst$460$output_:Hn
cljs$cst$461$level:gC
cljs$cst$462$raw_console_QMARK_:Wo
cljs$cst$463$_QMARK_meta:rv
cljs$cst$464$vargs:Yq
cljs$cst$465$pattern:Bl
cljs$cst$466$iso8601:IA
cljs$cst$467$no_stacktrace_QMARK_:KD
cljs$cst$468$stacktrace_fonts:yu
cljs$cst$469$_QMARK_ns_str:Rw
cljs$cst$470$_QMARK_file:aE
cljs$cst$471$hostname_:Ws
cljs$cst$472$timestamp_:rm
cljs$cst$473$ns_filter:Ss
cljs$cst$474$middleware:hu
cljs$cst$475$timestamp_opts:Qp
cljs$cst$476$appenders:zy
cljs$cst$477$console:oo
cljs$cst$478$println:Sm
cljs$cst$479$ns_whitelist:SC
cljs$cst$480$ns_blacklist:Xw
cljs$cst$481$f:BC
cljs$cst$482$err:ym
cljs$cst$483$instant:St
cljs$cst$484$spying_QMARK_:Cl
cljs$cst$485$config:as
cljs$cst$486$error_level_QMARK_:Up
cljs$cst$487$context:To
cljs$cst$488$_QMARK_err_:dC
cljs$cst$489$_QMARK_msg_fmt:YB
cljs$cst$490$vargs_:ns
cljs$cst$491$p:sC
cljs$cst$492$location:cp
cljs$cst$493$hash_:cw
cljs$cst$494$appender_id:wn
cljs$cst$495$appender:sv
cljs$cst$496$middleware_fn:Ct
cljs$cst$504$com_DOT_fulcrologic_DOT_fulcro_DOT_application_SLASH_algorithms:ex
cljs$cst$506$clojure_DOT_test_DOT_check_SLASH_quick_check:au
cljs$cst$507$clojure_DOT_test_DOT_check_DOT_properties_SLASH_for_all_STAR_:Hu
cljs$cst$509$clojure_DOT_test_DOT_check_DOT_generators_SLASH_generate:kw
cljs$cst$510$clojure_DOT_test_DOT_check_DOT_generators_SLASH___GT_Generator:Io
cljs$cst$511$gen:ky
cljs$cst$512$clojure_DOT_test_DOT_check_DOT_generators_SLASH_hash_map:VC
cljs$cst$513$clojure_DOT_test_DOT_check_DOT_generators_SLASH_list:Qz
cljs$cst$514$clojure_DOT_test_DOT_check_DOT_generators_SLASH_map:TC
cljs$cst$516$clojure_DOT_test_DOT_check_DOT_generators_SLASH_set:zu
cljs$cst$517$clojure_DOT_test_DOT_check_DOT_generators_SLASH_vector:gD
cljs$cst$518$clojure_DOT_test_DOT_check_DOT_generators_SLASH_vector_distinct:ow
cljs$cst$519$clojure_DOT_test_DOT_check_DOT_generators_SLASH_fmap:wy
cljs$cst$520$clojure_DOT_test_DOT_check_DOT_generators_SLASH_elements:qp
cljs$cst$521$clojure_DOT_test_DOT_check_DOT_generators_SLASH_bind:Kz
cljs$cst$522$clojure_DOT_test_DOT_check_DOT_generators_SLASH_choose:cA
cljs$cst$523$clojure_DOT_test_DOT_check_DOT_generators_SLASH_one_of:pm
cljs$cst$524$clojure_DOT_test_DOT_check_DOT_generators_SLASH_such_that:HB
cljs$cst$525$clojure_DOT_test_DOT_check_DOT_generators_SLASH_tuple:Nm
cljs$cst$527$clojure_DOT_test_DOT_check_DOT_generators_SLASH_return:cq
cljs$cst$528$clojure_DOT_test_DOT_check_DOT_generators_SLASH_large_integer_STAR_:zt
cljs$cst$530$clojure_DOT_test_DOT_check_DOT_generators_SLASH_frequency:qu
cljs$cst$531$clojure_DOT_test_DOT_check_DOT_generators_SLASH_shuffle:JA
cljs$cst$533$clojure_DOT_test_DOT_check_DOT_generators_SLASH_any_printable:Bt
cljs$cst$534$clojure_DOT_test_DOT_check_DOT_generators_SLASH_boolean:mm
cljs$cst$535$clojure_DOT_test_DOT_check_DOT_generators_SLASH_char:oy
cljs$cst$539$clojure_DOT_test_DOT_check_DOT_generators_SLASH_double:vv
cljs$cst$541$clojure_DOT_test_DOT_check_DOT_generators_SLASH_keyword:ix
cljs$cst$542$clojure_DOT_test_DOT_check_DOT_generators_SLASH_keyword_ns:tq
cljs$cst$543$clojure_DOT_test_DOT_check_DOT_generators_SLASH_large_integer:bv
cljs$cst$546$clojure_DOT_test_DOT_check_DOT_generators_SLASH_simple_type_printable:UD
cljs$cst$549$clojure_DOT_test_DOT_check_DOT_generators_SLASH_string_alphanumeric:fB
cljs$cst$550$clojure_DOT_test_DOT_check_DOT_generators_SLASH_symbol:zD
cljs$cst$551$clojure_DOT_test_DOT_check_DOT_generators_SLASH_symbol_ns:Rq
cljs$cst$552$clojure_DOT_test_DOT_check_DOT_generators_SLASH_uuid:az
cljs$cst$553$cljs_DOT_spec_DOT_alpha_SLASH_op:cD
cljs$cst$554$cljs_DOT_spec_DOT_alpha_SLASH_name:cn
cljs$cst$555$cljs_DOT_spec_DOT_alpha_SLASH_unknown:SD
cljs$cst$556$cljs_DOT_spec_DOT_alpha_SLASH_invalid:Ez
cljs$cst$557$_PERCENT_:W
cljs$cst$558$cljs_DOT_spec_DOT_alpha_SLASH_gfn:Nu
cljs$cst$559$cljs_DOT_spec_DOT_alpha_SLASH_problems:My
cljs$cst$560$cljs_DOT_spec_DOT_alpha_SLASH_spec:Xz
cljs$cst$561$cljs_DOT_spec_DOT_alpha_SLASH_value:Ks
cljs$cst$562$path:PA
cljs$cst$563$pred:xy
cljs$cst$564$reason:gn
cljs$cst$565$via:Sn
cljs$cst$566$cljs_DOT_spec_DOT_alpha_SLASH_recursion_limit:fw
cljs$cst$568$or:Kv
cljs$cst$569$and:At
cljs$cst$57$v:nt
cljs$cst$570$cljs_DOT_core_SLASH_map_QMARK_:cu
cljs$cst$571$gfn:ey
cljs$cst$572$cljs_DOT_spec_DOT_alpha_SLASH_keys:iB
cljs$cst$573$req:vn
cljs$cst$574$opt:Yy
cljs$cst$575$req_un:dn
cljs$cst$576$opt_un:gB
cljs$cst$596$pred_exprs:Nz
cljs$cst$597$keys_pred:TB
cljs$cst$598$opt_keys:Vo
cljs$cst$599$req_specs:Sl
cljs$cst$6$ns:Av
cljs$cst$600$req_keys:xC
cljs$cst$601$opt_specs:JC
cljs$cst$602$pred_forms:bp
cljs$cst$607$method:eo
cljs$cst$608$cljs_DOT_spec_DOT_alpha_SLASH_multi_spec:pw
cljs$cst$614$cljs_DOT_core_SLASH_vector_QMARK_:vz
cljs$cst$615$cljs_DOT_spec_DOT_alpha_SLASH_tuple:iw
cljs$cst$620$cljs_DOT_spec_DOT_alpha_SLASH_or:Uo
cljs$cst$624$cljs_DOT_spec_DOT_alpha_SLASH_and:op
cljs$cst$626$cljs_DOT_core_SLASH_coll_QMARK_:Qs
cljs$cst$627$distinct_QMARK_:Hx
cljs$cst$630$cljs_DOT_core_SLASH_set_QMARK_:hx
cljs$cst$631$cljs_DOT_core_SLASH_list_QMARK_:ox
cljs$cst$632$num_elements:OB
cljs$cst$633$max_tries:$B
cljs$cst$634$min_elements:Qo
cljs$cst$635$max_elements:Jp
cljs$cst$636$cljs_DOT_spec_DOT_alpha_SLASH_every:$t
cljs$cst$658$max_count:XA
cljs$cst$659$cljs_DOT_spec_DOT_alpha_SLASH_kind_form:$n
cljs$cst$660$gen_max:mr
cljs$cst$661$cljs_DOT_spec_DOT_alpha_SLASH_cpred:jy
cljs$cst$662$conform_keys:Rv
cljs$cst$663$cljs_DOT_spec_DOT_alpha_SLASH_describe:uB
cljs$cst$664$distinct:qo
cljs$cst$665$cljs_DOT_spec_DOT_alpha_SLASH_kfn:Cm
cljs$cst$666$count:ev
cljs$cst$667$min_count:Ut
cljs$cst$668$kind:Jq
cljs$cst$669$cljs_DOT_spec_DOT_alpha_SLASH_conform_all:Pu
cljs$cst$670$into:ZC
cljs$cst$671$cljs_DOT_spec_DOT_alpha_SLASH_accept:Ny
cljs$cst$672$ret:un
cljs$cst$673$ps:xr
cljs$cst$674$ks:gs
cljs$cst$675$forms:sD
cljs$cst$676$rep_PLUS_:$p
cljs$cst$677$cljs_DOT_spec_DOT_alpha_SLASH_pcat:xo
cljs$cst$678$cljs_DOT_spec_DOT_alpha_SLASH_rep:bD
cljs$cst$679$p2:Xr
cljs$cst$680$splice:Sp
cljs$cst$681$id:ss
cljs$cst$682$p1:Sr
cljs$cst$683$cljs_DOT_spec_DOT_alpha_SLASH__STAR_:ot
cljs$cst$684$cljs_DOT_spec_DOT_alpha_SLASH_amp:GB
cljs$cst$685$amp:cm
cljs$cst$686$cljs_DOT_spec_DOT_alpha_SLASH_alt:NB
cljs$cst$687$cljs_DOT_spec_DOT_alpha_SLASH_nil:Yz
cljs$cst$688$maybe:LD
cljs$cst$689$cljs_DOT_spec_DOT_alpha_SLASH__AMPERSAND_:jt
cljs$cst$690$cljs_DOT_spec_DOT_alpha_SLASH__PLUS_:qt
cljs$cst$691$cljs_DOT_spec_DOT_alpha_SLASH_cat:Cr
cljs$cst$692$_:FC
cljs$cst$693$cljs_DOT_spec_DOT_alpha_SLASH__QMARK_:ht
cljs$cst$694$cljs_DOT_spec_DOT_alpha_SLASH_alt:$o
cljs$cst$695$accept:wm
cljs$cst$696$cljs_DOT_core_SLASH_nil_QMARK_:Rm
cljs$cst$697$cljs_DOT_core_SLASH_sequential_QMARK_:Do
cljs$cst$700$smallest:dv
cljs$cst$701$shrunk:Kl
cljs$cst$702$apply:Yl
cljs$cst$703$ifn_QMARK_:dm
cljs$cst$704$cljs_DOT_spec_DOT_alpha_SLASH_fspec:Zv
cljs$cst$712$cljs_DOT_spec_DOT_alpha_SLASH_kvs__GT_map:dt
cljs$cst$713$cljs_DOT_spec_DOT_alpha_SLASH_conformer:Nx
cljs$cst$714$p1__30523_SHARP_:mu
cljs$cst$715$cljs_DOT_core_SLASH_zipmap:cE
cljs$cst$716$cljs_DOT_core_SLASH_map:Wl
cljs$cst$717$cljs_DOT_spec_DOT_alpha_SLASH_k:$z
cljs$cst$718$cljs_DOT_spec_DOT_alpha_SLASH_v:gA
cljs$cst$719$p1__30524_SHARP_:iu
cljs$cst$720$k:kt
cljs$cst$723$cljs_DOT_spec_DOT_alpha_SLASH_pred:cx
cljs$cst$724$nil_QMARK_:jm
cljs$cst$725$cljs_DOT_spec_DOT_alpha_SLASH_nilable:Rx
cljs$cst$727$cljs_DOT_spec_DOT_alpha_SLASH_failure:ds
cljs$cst$728$assertion_failed:wB
cljs$cst$729$edn_query_language_DOT_core_SLASH_property:YD
cljs$cst$730$cljs_DOT_core_SLASH_keyword_QMARK_:Oy
cljs$cst$731$edn_query_language_DOT_core_SLASH_special_property:mp
cljs$cst$732$_STAR_:Ms
cljs$cst$733$edn_query_language_DOT_core_SLASH_ident_value:Lx
cljs$cst$734$cljs_DOT_core_SLASH_any_QMARK_:Qr
cljs$cst$735$edn_query_language_DOT_core_SLASH_ident:Ul
cljs$cst$736$edn_query_language_DOT_core_SLASH_join_key:by
cljs$cst$737$prop:qz
cljs$cst$738$ident:gx
cljs$cst$739$param_exp:Qx
cljs$cst$740$edn_query_language_DOT_core_SLASH_join_key_param_expr:Gz
cljs$cst$741$edn_query_language_DOT_core_SLASH_join:YA
cljs$cst$742$cljs_DOT_spec_DOT_alpha_SLASH_map_of:bq
cljs$cst$743$edn_query_language_DOT_core_SLASH_join_query:ys
cljs$cst$744$edn_query_language_DOT_core_SLASH_union:Cs
cljs$cst$745$edn_query_language_DOT_core_SLASH_query:mx
cljs$cst$746$edn_query_language_DOT_core_SLASH_recursion_depth:Gn
cljs$cst$747$cljs_DOT_core_SLASH_nat_int_QMARK_:lq
cljs$cst$748$edn_query_language_DOT_core_SLASH_recursion:Dy
cljs$cst$749$depth:MC
cljs$cst$750$unbounded:Jy
cljs$cst$751$_DOT__DOT__DOT_:tC
cljs$cst$752$query:Vm
cljs$cst$753$union:Dp
cljs$cst$754$recursion:fE
cljs$cst$755$edn_query_language_DOT_core_SLASH_params:Dx
cljs$cst$756$edn_query_language_DOT_core_SLASH_param_expr_key:Lt
cljs$cst$757$join:As
cljs$cst$758$edn_query_language_DOT_core_SLASH_param_expr:hw
cljs$cst$759$cljs_DOT_core_SLASH_seq_QMARK_:Mw
cljs$cst$760$expr:Un
cljs$cst$761$edn_query_language_DOT_core_SLASH_join_key_param_key:rs
cljs$cst$762$edn_query_language_DOT_core_SLASH_mutation_key:xx
cljs$cst$763$cljs_DOT_core_SLASH_symbol_QMARK_:Ps
cljs$cst$764$edn_query_language_DOT_core_SLASH_mutation_expr:ro
cljs$cst$765$mutate_key:PB
cljs$cst$766$edn_query_language_DOT_core_SLASH_mutation_join:BD
cljs$cst$767$edn_query_language_DOT_core_SLASH_mutation:dy
cljs$cst$768$mutation:Tl
cljs$cst$769$mutation_join:Vn
cljs$cst$770$edn_query_language_DOT_core_SLASH_query_expr:Hv
cljs$cst$771$special:ko
cljs$cst$772$cljs_DOT_spec_DOT_alpha_SLASH_coll_of:Yw
cljs$cst$773$edn_query_language_DOT_ast_SLASH_query:pv
cljs$cst$774$edn_query_language_DOT_ast_SLASH_key:tx
cljs$cst$775$edn_query_language_DOT_ast_SLASH_dispatch_key:qn
cljs$cst$776$edn_query_language_DOT_ast_SLASH_union_key:iD
cljs$cst$777$edn_query_language_DOT_ast_SLASH_children:bo
cljs$cst$778$edn_query_language_DOT_ast_SLASH_node:zw
cljs$cst$779$edn_query_language_DOT_ast_SLASH_root:jA
cljs$cst$780$edn_query_language_DOT_ast_SLASH_type:px
cljs$cst$781$p1__32443_SHARP_:Vw
cljs$cst$782$root:mw
cljs$cst$783$cljs_DOT_core_SLASH_every_QMARK_:DA
cljs$cst$784$cljs_DOT_core_SLASH_comp:kC
cljs$cst$785$p1__32444_SHARP_:$w
cljs$cst$786$call:Ko
cljs$cst$787$children:tA
cljs$cst$788$key:uz
cljs$cst$789$dispatch_key:BA
cljs$cst$790$cljs_DOT_core_SLASH___GT_:UA
cljs$cst$791$cljs_DOT_core_SLASH_first:Px
cljs$cst$792$p1__32450_SHARP_:lx
cljs$cst$793$union_entry:Tm
cljs$cst$794$p1__32452_SHARP_:Gx
cljs$cst$795$union_key:Pl
cljs$cst$796$p1__32456_SHARP_:WB
cljs$cst$797$cljs_DOT_core_SLASH_set:Cw
cljs$cst$798$cljs_DOT_core_SLASH_keys:ZD
cljs$cst$799$cljs_DOT_core_SLASH_methods:Kr
cljs$cst$800$edn_query_language_DOT_core_SLASH_node_type:VB
cljs$cst$801$arglists:Kn
cljs$cst$802$test:zB
cljs$cst$803$edn_query_language_DOT_core:WD
cljs$cst$804$node_type:Cx
cljs$cst$805$component:wC
cljs$cst$806$target:hE
cljs$cst$807$remote:$y
cljs$cst$808$query_root:xl
cljs$cst$809$error_SLASH_invalid_join:IC
cljs$cst$810$error_SLASH_invalid_expression:Uq
cljs$cst$812$edn_query_language_DOT_core_SLASH_query__GT_ast:Vy
cljs$cst$813$edn_query_language_DOT_core_SLASH_query__GT_ast1:pA
cljs$cst$814$edn_query_language_DOT_core_SLASH_ast__GT_query:my
cljs$cst$815$ast:vu
cljs$cst$816$edn_query_language_DOT_core_SLASH_ident_QMARK_:Ur
cljs$cst$817$x:mC
cljs$cst$818$cljs_DOT_core_SLASH_boolean_QMARK_:uv
cljs$cst$819$edn_query_language_DOT_core_SLASH_focus_subquery:HD
cljs$cst$820$sub_query:ls
cljs$cst$821$edn_query_language_DOT_core_SLASH_transduce_children:fr
cljs$cst$822$xform:gw
cljs$cst$823$cljs_DOT_core_SLASH_fn_QMARK_:Nw
cljs$cst$824$node:Hs
cljs$cst$825$edn_query_language_DOT_core_SLASH_union_children_QMARK_:po
cljs$cst$826$edn_query_language_DOT_core_SLASH_update_property_param:ov
cljs$cst$827$property:ry
cljs$cst$828$edn_query_language_DOT_core_SLASH_merge_asts:hz
cljs$cst$829$qa:Ar
cljs$cst$830$qb:zr
cljs$cst$831$edn_query_language_DOT_core_SLASH_merge_queries:ur
cljs$cst$832$_:ft
cljs$cst$833$com_DOT_fulcrologic_DOT_fulcro_DOT_algorithms_DOT_denormalize_SLASH_time:Lr
cljs$cst$887$recur:ju
cljs$cst$914$reads:Cn
cljs$cst$928$expound_SLASH_path:zx
cljs$cst$932$expound_SLASH_in:zs
cljs$cst$933$instrument:Zr
cljs$cst$934$spec:Ql
cljs$cst$935$expound_SLASH_via:Wv
cljs$cst$936$check_failed:jr
cljs$cst$937$expound_DOT_spec_SLASH_contains_key_pred:wz
cljs$cst$938$expound_DOT_problems_SLASH_ptype:aw
cljs$cst$939$failure:Lv
cljs$cst$940$problem:Fx
cljs$cst$941$expound_DOT_spec_SLASH_problem:kp
cljs$cst$942$skip_location_QMARK_:kn
cljs$cst$943$expound_DOT_spec_DOT_problem_SLASH_type:Um
cljs$cst$944$expound_DOT_problem_SLASH_fspec_ret_failure:An
cljs$cst$945$expound_DOT_problem_SLASH_fspec_exception_failure:$s
cljs$cst$946$expound_DOT_problem_SLASH_fspec_fn_failure:Bo
cljs$cst$947$expound_DOT_problem_SLASH_check_ret_failure:Ju
cljs$cst$948$expound_DOT_problem_SLASH_check_fn_failure:oA
cljs$cst$949$expound_DOT_problem_SLASH_insufficient_input:Ep
cljs$cst$950$expound_DOT_problem_SLASH_extra_input:ap
cljs$cst$951$expound_DOT_problem_SLASH_not_in_set:tw
cljs$cst$952$expound_DOT_problem_SLASH_missing_key:Bs
cljs$cst$953$expound_DOT_problem_SLASH_missing_spec:GC
cljs$cst$954$expound_DOT_problem_SLASH_unknown:pz
cljs$cst$959$explain_data:Lz
cljs$cst$960$expound_SLASH_form:Ro
cljs$cst$963$cur:gE
cljs$cst$964$base:ID
cljs$cst$968$parent:xD
cljs$cst$969$section:WC
cljs$cst$970$start_col:hC
cljs$cst$971$indent:Yo
cljs$cst$972$done_nl:cs
cljs$cst$973$intra_block_nl:Ml
cljs$cst$974$prefix:fq
cljs$cst$975$per_line_prefix:Km
cljs$cst$976$suffix:ar
cljs$cst$977$logical_block_callback:Eo
cljs$cst$98$cljs_DOT_core_SLASH_not_found:Jj
cljs$cst$988$end_pos:Em
cljs$cst$989$start_pos:pB
cljs$cst$990$type_tag:TD
cljs$cst$991$data:qv
cljs$cst$992$trailing_white_space:Dl
cljs$cst$998$buffer_blob:sx
cljs$cst$999$logical_block:Hz
cljs$pprint$_STAR_code_table_STAR_:gO
cljs$pprint$_STAR_current_length_STAR_:XL
cljs$pprint$_STAR_current_level_STAR_:WL
cljs$pprint$_STAR_format_str_STAR_:jM
cljs$pprint$_STAR_print_base_STAR_:VL
cljs$pprint$_STAR_print_circle_STAR_:SL
cljs$pprint$_STAR_print_lines_STAR_:RL
cljs$pprint$_STAR_print_miser_width_STAR_:ML
cljs$pprint$_STAR_print_pprint_dispatch_STAR_:QL
cljs$pprint$_STAR_print_pretty_STAR_:PL
cljs$pprint$_STAR_print_radix_STAR_:UL
cljs$pprint$_STAR_print_right_margin_STAR_:LL
cljs$pprint$_STAR_print_suppress_namespaces_STAR_:TL
cljs$pprint$_STAR_symbol_map_STAR_:fO
cljs$pprint$_ppflush:iL
cljs$pprint$abort_QMARK_:NM
cljs$pprint$absolute_reposition:oM
cljs$pprint$add_english_scales:FM
cljs$pprint$add_to_buffer:GL
cljs$pprint$ancestor_QMARK_:oL
cljs$pprint$arg_navigator:lM
cljs$pprint$base_str:vM
cljs$pprint$boolean_conditional:YM
cljs$pprint$brackets:WN
cljs$pprint$buffer_blob:pL
cljs$pprint$c_write_char:lL
cljs$pprint$cached_compile:GN
cljs$pprint$capitalize_string:kN
cljs$pprint$capitalize_word_writer:mN
cljs$pprint$char_code:dL
cljs$pprint$check_arg_conditional:ZM
cljs$pprint$check_enumerated_arg:aM
cljs$pprint$check_flags:yN
cljs$pprint$choice_conditional:XM
cljs$pprint$cl_format$cljs$0core$0IFn$0_invoke$0arity$0variadic:eM
cljs$pprint$code_dispatch:hO
cljs$pprint$collect_clauses:DN
cljs$pprint$compile_directive:AN
cljs$pprint$compile_format:fM
cljs$pprint$compile_raw_string:BN
cljs$pprint$compiled_directive:qM
cljs$pprint$conditional_newline:qN
cljs$pprint$consume:fL
cljs$pprint$directive_table:rN
cljs$pprint$dollar_float:WM
cljs$pprint$downcase_writer:hN
cljs$pprint$emit_nl:vL
cljs$pprint$emit_nl_QMARK_:AL
cljs$pprint$end_block:OL
cljs$pprint$end_block_t:sL
cljs$pprint$english_cardinal_tens:BM
cljs$pprint$english_cardinal_units:zM
cljs$pprint$english_ordinal_tens:CM
cljs$pprint$english_ordinal_units:AM
cljs$pprint$english_scale_numbers:DM
cljs$pprint$execute_format$cljs$0core$0IFn$0_invoke$0arity$02:iM
cljs$pprint$execute_sub_format:OM
cljs$pprint$exponential_float:UM
cljs$pprint$extract_flags:xN
cljs$pprint$extract_param:uN
cljs$pprint$fixed_float:TM
cljs$pprint$flag_defs:wN
cljs$pprint$float_parts:PM
cljs$pprint$format_ascii:uM
cljs$pprint$format_error:kM
cljs$pprint$format_integer:yM
cljs$pprint$format_roman:IM
cljs$pprint$format_simple_cardinal:EM
cljs$pprint$general_float:VM
cljs$pprint$get_field:jL
cljs$pprint$get_fixed:RM
cljs$pprint$get_format_arg:nM
cljs$pprint$get_section:BL
cljs$pprint$get_sub_section:CL
cljs$pprint$group_by_STAR_:xM
cljs$pprint$indent_t:tL
cljs$pprint$init_cap_writer:oN
cljs$pprint$init_navigator:gM
cljs$pprint$insert_scaled_decimal:SM
cljs$pprint$iterate_list_of_sublists:aN
cljs$pprint$iterate_main_list:bN
cljs$pprint$iterate_main_sublists:cN
cljs$pprint$iterate_sublist:$M
cljs$pprint$justify_clauses:eN
cljs$pprint$level_exceeded:bM
cljs$pprint$linear_nl_QMARK_:yL
cljs$pprint$logical_block:nL
cljs$pprint$logical_block_or_justify:dN
cljs$pprint$map_params:zN
cljs$pprint$map_passing_context:eL
cljs$pprint$miser_nl_QMARK_:zL
cljs$pprint$multi_defn:$N
cljs$pprint$needs_pretty:hM
cljs$pprint$new_roman_table:HM
cljs$pprint$next_arg:mM
cljs$pprint$nl_t:qL
cljs$pprint$old_roman_table:GM
cljs$pprint$param_pattern:sN
cljs$pprint$plain_character:MM
cljs$pprint$pprint_binding_form:cO
cljs$pprint$pprint_defn:aO
cljs$pprint$pprint_hold_first:YN
cljs$pprint$pprint_if:eO
cljs$pprint$pprint_indent:dM
cljs$pprint$pprint_let:dO
cljs$pprint$pprint_map:KN
cljs$pprint$pprint_newline:cM
cljs$pprint$pprint_ns_reference:XN
cljs$pprint$pprint_pqueue:ON
cljs$pprint$pprint_reader_macro:IN
cljs$pprint$pprint_set:MN
cljs$pprint$pprint_simple_code_list:bO
cljs$pprint$pprint_simple_default:LN
cljs$pprint$pprint_vector:JN
cljs$pprint$pr:bL
cljs$pprint$pretty_character:KM
cljs$pprint$pretty_writer:KL
cljs$pprint$pretty_writer_QMARK_:YL
cljs$pprint$print:aL
cljs$pprint$prn:cL
cljs$pprint$process_bracket:CN
cljs$pprint$process_clause:EN
cljs$pprint$process_nesting:FN
cljs$pprint$readable_character:LM
cljs$pprint$reader_macros:HN
cljs$pprint$realize_parameter:rM
cljs$pprint$realize_parameter_list:sM
cljs$pprint$relative_reposition:pM
cljs$pprint$remainders:wM
cljs$pprint$render_clauses:fN
cljs$pprint$round_str:QM
cljs$pprint$set_field:kL
cljs$pprint$set_indent:pN
cljs$pprint$simple_dispatch:QN
cljs$pprint$single_defn:ZN
cljs$pprint$special_chars:JM
cljs$pprint$special_params:tN
cljs$pprint$special_radix_markers:tM
cljs$pprint$split_at_newline:DL
cljs$pprint$start_block:NL
cljs$pprint$start_block_t:rL
cljs$pprint$t_cljs$0pprint38223:mL
cljs$pprint$t_cljs$0pprint38816:JL
cljs$pprint$t_cljs$0pprint39165:gN
cljs$pprint$t_cljs$0pprint39171:iN
cljs$pprint$t_cljs$0pprint39177:lN
cljs$pprint$t_cljs$0pprint39183:nN
cljs$pprint$tokens_fit_QMARK_:xL
cljs$pprint$translate_param:vN
cljs$pprint$tuple_map:hL
cljs$pprint$type_dispatcher:PN
cljs$pprint$type_map:NN
cljs$pprint$unzip_map:gL
cljs$pprint$upcase_writer:jN
cljs$pprint$write:$L
cljs$pprint$write_initial_lines:IL
cljs$pprint$write_line:FL
cljs$pprint$write_out:ZL
cljs$pprint$write_token:uL
cljs$pprint$write_token_string:EL
cljs$pprint$write_tokens:wL
cljs$pprint$write_white_space:HL
cljs$reader$check:WE
cljs$reader$days_in_month:TE
cljs$reader$parse_and_validate_timestamp:XE
cljs$reader$parse_int:VE
cljs$reader$timestamp_regex:UE
cljs$spec$alpha$Specize$specize_STAR_$dyn_30804:WH
cljs$spec$alpha$abbrev:bI
cljs$spec$alpha$accept:KI
cljs$spec$alpha$accept_QMARK_:LI
cljs$spec$alpha$accept_nil_QMARK_:UI
cljs$spec$alpha$add_ret:WI
cljs$spec$alpha$alt2:SI
cljs$spec$alpha$alt_STAR_:RI
cljs$spec$alpha$and_preds:CI
cljs$spec$alpha$and_spec_impl:FI
cljs$spec$alpha$assert_STAR_:hJ
cljs$spec$alpha$cat_impl:NI
cljs$spec$alpha$coll_prob:GI
cljs$spec$alpha$conform:$H
cljs$spec$alpha$conform_STAR_:FH
cljs$spec$alpha$def_impl:Z
cljs$spec$alpha$deriv:XI
cljs$spec$alpha$describe_STAR_:JH
cljs$spec$alpha$dt$cljs$0core$0IFn$0_invoke$0arity$04:lI
cljs$spec$alpha$empty_coll:HI
cljs$spec$alpha$every_impl$cljs$0core$0IFn$0_invoke$0arity$04:JI
cljs$spec$alpha$explain_1:nI
cljs$spec$alpha$explain_STAR_:GH
cljs$spec$alpha$explain_data_STAR_:dI
cljs$spec$alpha$explain_pred_list:DI
cljs$spec$alpha$explain_printer:eI
cljs$spec$alpha$filter_alt:QI
cljs$spec$alpha$fn_sym:UH
cljs$spec$alpha$form:aI
cljs$spec$alpha$fspec_impl:eJ
cljs$spec$alpha$gen$cljs$0core$0IFn$0_invoke$0arity$02:hI
cljs$spec$alpha$gen_STAR_:HH
cljs$spec$alpha$gensub:fI
cljs$spec$alpha$get_spec:iI
cljs$spec$alpha$inck:kI
cljs$spec$alpha$invalid_QMARK_:ZH
cljs$spec$alpha$k_gen:oI
cljs$spec$alpha$map_spec_impl:rI
cljs$spec$alpha$maybe_impl:TI
cljs$spec$alpha$maybe_spec:RH
cljs$spec$alpha$multi_spec_impl$cljs$0core$0IFn$0_invoke$0arity$04:vI
cljs$spec$alpha$nilable_impl:gJ
cljs$spec$alpha$op_describe:YI
cljs$spec$alpha$op_explain:ZI
cljs$spec$alpha$or_k_gen$cljs$0core$0IFn$0_invoke$0arity$02:pI
cljs$spec$alpha$or_spec_impl:BI
cljs$spec$alpha$pcat_STAR_:MI
cljs$spec$alpha$preturn:VI
cljs$spec$alpha$pvalid_QMARK_$cljs$0core$0IFn$0_invoke$0arity$02:mI
cljs$spec$alpha$re_conform:aJ
cljs$spec$alpha$re_gen:$I
cljs$spec$alpha$recur_limit_QMARK_:jI
cljs$spec$alpha$reg_resolve:LH
cljs$spec$alpha$reg_resolve_BANG_:MH
cljs$spec$alpha$regex_QMARK_:OH
cljs$spec$alpha$regex_spec_impl:SH
cljs$spec$alpha$registry_ref:KH
cljs$spec$alpha$rep_PLUS_impl:PI
cljs$spec$alpha$rep_STAR_:OI
cljs$spec$alpha$spec_QMARK_:NH
cljs$spec$alpha$spec_impl$cljs$0core$0IFn$0_invoke$0arity$04:XH
cljs$spec$alpha$spec_impl$cljs$0core$0IFn$0_invoke$0arity$05:tI
cljs$spec$alpha$spec_name:QH
cljs$spec$alpha$specize:YH
cljs$spec$alpha$specize_STAR_:VH
cljs$spec$alpha$t_cljs$0spec$0alpha29368:qI
cljs$spec$alpha$t_cljs$0spec$0alpha29466:sI
cljs$spec$alpha$t_cljs$0spec$0alpha29506:uI
cljs$spec$alpha$t_cljs$0spec$0alpha29549:wI
cljs$spec$alpha$t_cljs$0spec$0alpha29617:AI
cljs$spec$alpha$t_cljs$0spec$0alpha29761:EI
cljs$spec$alpha$t_cljs$0spec$0alpha29885:II
cljs$spec$alpha$t_cljs$0spec$0alpha30451:bJ
cljs$spec$alpha$t_cljs$0spec$0alpha30492:dJ
cljs$spec$alpha$t_cljs$0spec$0alpha30614:fJ
cljs$spec$alpha$tagged_ret:zI
cljs$spec$alpha$the_spec:TH
cljs$spec$alpha$tuple_impl$cljs$0core$0IFn$0_invoke$0arity$02:yI
cljs$spec$alpha$tuple_impl$cljs$0core$0IFn$0_invoke$0arity$03:xI
cljs$spec$alpha$valid_QMARK_$cljs$0core$0IFn$0_invoke$0arity$02:gI
cljs$spec$alpha$validate_fn:cJ
cljs$spec$alpha$with_gen:cI
cljs$spec$alpha$with_gen_STAR_:IH
cljs$spec$alpha$with_name:PH
cljs$spec$gen$alpha$LazyVar:oG
cljs$spec$gen$alpha$any_printable:fH
cljs$spec$gen$alpha$bind$cljs$0core$0IFn$0_invoke$0arity$0variadic:OG
cljs$spec$gen$alpha$boolean$0:hH
cljs$spec$gen$alpha$cat:CH
cljs$spec$gen$alpha$char$0:jH
cljs$spec$gen$alpha$choose$cljs$0core$0IFn$0_invoke$0arity$0variadic:QG
cljs$spec$gen$alpha$delay_impl:wG
cljs$spec$gen$alpha$double$0:lH
cljs$spec$gen$alpha$elements$cljs$0core$0IFn$0_invoke$0arity$0variadic:MG
cljs$spec$gen$alpha$fmap$cljs$0core$0IFn$0_invoke$0arity$0variadic:KG
cljs$spec$gen$alpha$for_all_STAR_$cljs$0core$0IFn$0_invoke$0arity$0variadic:sG
cljs$spec$gen$alpha$for_all_STAR__ref:rG
cljs$spec$gen$alpha$frequency$cljs$0core$0IFn$0_invoke$0arity$0variadic:bH
cljs$spec$gen$alpha$gen_builtins:EH
cljs$spec$gen$alpha$generator:vG
cljs$spec$gen$alpha$hash_map:yG
cljs$spec$gen$alpha$keyword:nH
cljs$spec$gen$alpha$keyword_ns:pH
cljs$spec$gen$alpha$large_integer:rH
cljs$spec$gen$alpha$large_integer_STAR_$cljs$0core$0IFn$0_invoke$0arity$0variadic:$G
cljs$spec$gen$alpha$list$cljs$0core$0IFn$0_invoke$0arity$0variadic:AG
cljs$spec$gen$alpha$map$cljs$0core$0IFn$0_invoke$0arity$0variadic:CG
cljs$spec$gen$alpha$one_of$cljs$0core$0IFn$0_invoke$0arity$0variadic:SG
cljs$spec$gen$alpha$qualified_QMARK_:DH
cljs$spec$gen$alpha$quick_check$cljs$0core$0IFn$0_invoke$0arity$0variadic:qG
cljs$spec$gen$alpha$quick_check_ref:pG
cljs$spec$gen$alpha$return$0$cljs$0core$0IFn$0_invoke$0arity$0variadic:YG
cljs$spec$gen$alpha$set$cljs$0core$0IFn$0_invoke$0arity$0variadic:EG
cljs$spec$gen$alpha$shuffle$cljs$0core$0IFn$0_invoke$0arity$0variadic:dH
cljs$spec$gen$alpha$simple_type_printable:tH
cljs$spec$gen$alpha$string_alphanumeric:vH
cljs$spec$gen$alpha$such_that$cljs$0core$0IFn$0_invoke$0arity$0variadic:UG
cljs$spec$gen$alpha$symbol:xH
cljs$spec$gen$alpha$symbol_ns:zH
cljs$spec$gen$alpha$tuple:WG
cljs$spec$gen$alpha$uuid:BH
cljs$spec$gen$alpha$vector$cljs$0core$0IFn$0_invoke$0arity$0variadic:GG
cljs$spec$gen$alpha$vector_distinct$cljs$0core$0IFn$0_invoke$0arity$0variadic:IG
cljs$tools$reader$impl$inspect$inspect_STAR_:NE
cljs$tools$reader$impl$inspect$inspect_STAR__col:ME
clojure:X
clojure$set$bubble_max_key:IE
clojure$set$difference:LE
clojure$set$intersection:KE
clojure$set$union:JE
clojure$string$join$cljs$0core$0IFn$0_invoke$0arity$02:mE
clojure$string$replace:lE
clojure$string$replace_all:jE
clojure$string$replace_with:kE
clojure$string$split$cljs$0core$0IFn$0_invoke$0arity$02:oE
clojure$string$split$cljs$0core$0IFn$0_invoke$0arity$03:pE
clojure$string$split_with_empty_regex:nE
clojure$walk$postwalk:lG
clojure$walk$prewalk:mG
clojure$walk$prewalk_replace:nG
clojure$walk$walk:kG
cognitect$transit$t_cognitect$0transit32683:hK
cognitect$transit$write_handler$cljs$0core$0IFn$0_invoke$0arity$03:iK
com$cognitect$transit$eq$equals:aK
com$cognitect$transit$eq$hashArrayLike:gK
com$cognitect$transit$eq$hashCode:fK
com$cognitect$transit$eq$hashCodeCounter:$J
com$cognitect$transit$eq$hashCombine:bK
com$cognitect$transit$eq$hashMapLike:eK
com$cognitect$transit$eq$stringCodeCache:cK
com$cognitect$transit$eq$stringCodeCacheSize:dK
com$cognitect$transit$util$isArray:YJ
com$cognitect$transit$util$objectKeys:XJ
com$cognitect$transit$util$randHex:ZJ
com$fulcrologic$fulcro$algorithms$data_targeting$integrate_ident_STAR_:AQ
com$fulcrologic$fulcro$algorithms$data_targeting$process_target$cljs$0core$0IFn$0_invoke$0arity$04:BQ
com$fulcrologic$fulcro$algorithms$data_targeting$special_target_QMARK_:zQ
com$fulcrologic$fulcro$algorithms$denormalize$_STAR_denormalize_time_STAR_:AJ
com$fulcrologic$fulcro$algorithms$denormalize$add_join_BANG_:GJ
com$fulcrologic$fulcro$algorithms$denormalize$add_joins_BANG_:JJ
com$fulcrologic$fulcro$algorithms$denormalize$add_props_BANG_:EJ
com$fulcrologic$fulcro$algorithms$denormalize$add_union_BANG_:IJ
com$fulcrologic$fulcro$algorithms$denormalize$db__GT_tree:KJ
com$fulcrologic$fulcro$algorithms$denormalize$denormalization_time:LJ
com$fulcrologic$fulcro$algorithms$denormalize$denormalize:HJ
com$fulcrologic$fulcro$algorithms$denormalize$follow_ref:DJ
com$fulcrologic$fulcro$algorithms$denormalize$link_ref_QMARK_:BJ
com$fulcrologic$fulcro$algorithms$denormalize$lookup_ref_QMARK_:CJ
com$fulcrologic$fulcro$algorithms$denormalize$reduce_depth:FJ
com$fulcrologic$fulcro$algorithms$do_not_use$ast__GT_query:UJ
com$fulcrologic$fulcro$algorithms$do_not_use$atom_QMARK_:MJ
com$fulcrologic$fulcro$algorithms$do_not_use$deep_merge:TJ
com$fulcrologic$fulcro$algorithms$do_not_use$dev_check_query:VJ
com$fulcrologic$fulcro$algorithms$do_not_use$join_QMARK_:OJ
com$fulcrologic$fulcro$algorithms$do_not_use$join_entry:NJ
com$fulcrologic$fulcro$algorithms$do_not_use$join_key:RJ
com$fulcrologic$fulcro$algorithms$do_not_use$join_value:SJ
com$fulcrologic$fulcro$algorithms$do_not_use$recursion_QMARK_:PJ
com$fulcrologic$fulcro$algorithms$do_not_use$union_QMARK_:QJ
com$fulcrologic$fulcro$algorithms$indexing$drop_component_BANG_:NR
com$fulcrologic$fulcro$algorithms$indexing$drop_component_STAR_:MR
com$fulcrologic$fulcro$algorithms$indexing$index_component_BANG_:LR
com$fulcrologic$fulcro$algorithms$indexing$index_component_STAR_:KR
com$fulcrologic$fulcro$algorithms$indexing$index_query:GR
com$fulcrologic$fulcro$algorithms$indexing$index_query_STAR_:FR
com$fulcrologic$fulcro$algorithms$indexing$index_root_BANG_:JR
com$fulcrologic$fulcro$algorithms$indexing$link_query_props:IR
com$fulcrologic$fulcro$algorithms$indexing$top_level_keys:HR
com$fulcrologic$fulcro$algorithms$lookup$app_algorithm:jG
com$fulcrologic$fulcro$algorithms$merge$as_leaf:mR
com$fulcrologic$fulcro$algorithms$merge$is_ui_query_fragment_QMARK_:lR
com$fulcrologic$fulcro$algorithms$merge$leaf_QMARK_:nR
com$fulcrologic$fulcro$algorithms$merge$mark_missing:pR
com$fulcrologic$fulcro$algorithms$merge$mark_missing_impl:oR
com$fulcrologic$fulcro$algorithms$merge$merge_STAR_:yR
com$fulcrologic$fulcro$algorithms$merge$merge_alternate_union_elements:BR
com$fulcrologic$fulcro$algorithms$merge$merge_alternate_unions:zR
com$fulcrologic$fulcro$algorithms$merge$merge_component:AR
com$fulcrologic$fulcro$algorithms$merge$merge_idents:xR
com$fulcrologic$fulcro$algorithms$merge$merge_mutation_joins:uR
com$fulcrologic$fulcro$algorithms$merge$merge_tree:wR
com$fulcrologic$fulcro$algorithms$merge$pre_merge_transform$cljs$0core$0IFn$0_invoke$0arity$02:tR
com$fulcrologic$fulcro$algorithms$merge$sift_idents:vR
com$fulcrologic$fulcro$algorithms$merge$sweep:rR
com$fulcrologic$fulcro$algorithms$merge$sweep_merge:sR
com$fulcrologic$fulcro$algorithms$merge$sweep_one:qR
com$fulcrologic$fulcro$algorithms$normalize$normalize_STAR_:jR
com$fulcrologic$fulcro$algorithms$normalize$tree__GT_db$cljs$0core$0IFn$0_invoke$0arity$04:kR
com$fulcrologic$fulcro$algorithms$scheduling$defer:OR
com$fulcrologic$fulcro$algorithms$scheduling$schedule_BANG_$cljs$0core$0IFn$0_invoke$0arity$04:PR
com$fulcrologic$fulcro$algorithms$scheduling$schedule_animation_BANG_:RR
com$fulcrologic$fulcro$algorithms$tempid$TempId:zP
com$fulcrologic$fulcro$algorithms$tempid$resolve_tempids:BP
com$fulcrologic$fulcro$algorithms$tempid$resolve_tempids_BANG_:CP
com$fulcrologic$fulcro$algorithms$tempid$result__GT_tempid__GT_realid:AP
com$fulcrologic$fulcro$algorithms$transit$transit_handlers:DP
com$fulcrologic$fulcro$algorithms$tx_processing$abort_BANG_:US
com$fulcrologic$fulcro$algorithms$tx_processing$abort_elements_BANG_:TS
com$fulcrologic$fulcro$algorithms$tx_processing$activate_submissions_BANG_:xS
com$fulcrologic$fulcro$algorithms$tx_processing$active_remotes:QS
com$fulcrologic$fulcro$algorithms$tx_processing$add_send_BANG_:ES
com$fulcrologic$fulcro$algorithms$tx_processing$advance_actions_BANG_:zS
com$fulcrologic$fulcro$algorithms$tx_processing$app__GT_remote_names:fS
com$fulcrologic$fulcro$algorithms$tx_processing$application_rendered_BANG_:uS
com$fulcrologic$fulcro$algorithms$tx_processing$build_env$cljs$0core$0IFn$0_invoke$0arity$02:sS
com$fulcrologic$fulcro$algorithms$tx_processing$build_env$cljs$0core$0IFn$0_invoke$0arity$03:rS
com$fulcrologic$fulcro$algorithms$tx_processing$combine_sends:mS
com$fulcrologic$fulcro$algorithms$tx_processing$compute_desired_ast_node:DS
com$fulcrologic$fulcro$algorithms$tx_processing$default_tx_BANG_:SS
com$fulcrologic$fulcro$algorithms$tx_processing$dispatch_elements:tS
com$fulcrologic$fulcro$algorithms$tx_processing$dispatch_result_BANG_:KS
com$fulcrologic$fulcro$algorithms$tx_processing$distribute_element_results_BANG_:LS
com$fulcrologic$fulcro$algorithms$tx_processing$distribute_results_BANG_:MS
com$fulcrologic$fulcro$algorithms$tx_processing$element_with_work:HS
com$fulcrologic$fulcro$algorithms$tx_processing$every_ast_QMARK_:hS
com$fulcrologic$fulcro$algorithms$tx_processing$extract_parallel:gS
com$fulcrologic$fulcro$algorithms$tx_processing$fully_complete_QMARK_:BS
com$fulcrologic$fulcro$algorithms$tx_processing$idle_node_QMARK_:GS
com$fulcrologic$fulcro$algorithms$tx_processing$mutation_ast_QMARK_:iS
com$fulcrologic$fulcro$algorithms$tx_processing$net_send_BANG_:oS
com$fulcrologic$fulcro$algorithms$tx_processing$process_queue_BANG_:yS
com$fulcrologic$fulcro$algorithms$tx_processing$process_send_queues_BANG_:pS
com$fulcrologic$fulcro$algorithms$tx_processing$query_ast_QMARK_:jS
com$fulcrologic$fulcro$algorithms$tx_processing$queue_element_sends_BANG_:FS
com$fulcrologic$fulcro$algorithms$tx_processing$queue_next_send_BANG_:IS
com$fulcrologic$fulcro$algorithms$tx_processing$queue_sends_BANG_:JS
com$fulcrologic$fulcro$algorithms$tx_processing$record_result_BANG_$cljs$0core$0IFn$0_invoke$0arity$06:CS
com$fulcrologic$fulcro$algorithms$tx_processing$remotes_active_on_node:PS
com$fulcrologic$fulcro$algorithms$tx_processing$remove_send_BANG_:nS
com$fulcrologic$fulcro$algorithms$tx_processing$requested_refreshes:OS
com$fulcrologic$fulcro$algorithms$tx_processing$run_actions_BANG_:AS
com$fulcrologic$fulcro$algorithms$tx_processing$schedule_activation_BANG_:wS
com$fulcrologic$fulcro$algorithms$tx_processing$schedule_activation_BANG_$cljs$0core$0IFn$0_invoke$0arity$02:vS
com$fulcrologic$fulcro$algorithms$tx_processing$sort_queue_writes_before_reads:kS
com$fulcrologic$fulcro$algorithms$tx_processing$top_keys:lS
com$fulcrologic$fulcro$algorithms$tx_processing$transact_sync_BANG_:RS
com$fulcrologic$fulcro$algorithms$tx_processing$tx_node$cljs$0core$0IFn$0_invoke$0arity$02:qS
com$fulcrologic$fulcro$algorithms$tx_processing$update_progress_BANG_:NS
com$fulcrologic$fulcro$application$mount_BANG_$cljs$0core$0IFn$0_invoke$0arity$04:tT
com$fulcrologic$fulcro$application$mounted_QMARK_:rT
com$fulcrologic$fulcro$application$set_root_BANG_:sT
com$fulcrologic$fulcro$application$update_shared_BANG_:qT
com$fulcrologic$fulcro$components$_STAR_app_STAR_:HQ
com$fulcrologic$fulcro$components$_STAR_blindly_render_STAR_:LQ
com$fulcrologic$fulcro$components$_STAR_depth_STAR_:JQ
com$fulcrologic$fulcro$components$_STAR_parent_STAR_:IQ
com$fulcrologic$fulcro$components$_STAR_shared_STAR_:KQ
com$fulcrologic$fulcro$components$component_instance_QMARK_:NQ
com$fulcrologic$fulcro$components$configure_component_BANG_:aR
com$fulcrologic$fulcro$components$depth:PQ
com$fulcrologic$fulcro$components$factory$cljs$0core$0IFn$0_invoke$0arity$02:hR
com$fulcrologic$fulcro$components$force_children:MQ
com$fulcrologic$fulcro$components$get_query$cljs$0core$0IFn$0_invoke$0arity$01:eR
com$fulcrologic$fulcro$components$get_query$cljs$0core$0IFn$0_invoke$0arity$02:fR
com$fulcrologic$fulcro$components$get_state$cljs$0core$0IFn$0_invoke$0arity$02:cR
com$fulcrologic$fulcro$components$has_feature_QMARK_:OQ
com$fulcrologic$fulcro$components$raw__GT_newest_props:QQ
com$fulcrologic$fulcro$components$refresh_component_BANG_:iR
com$fulcrologic$fulcro$components$set_state_BANG_$cljs$0core$0IFn$0_invoke$0arity$03:bR
com$fulcrologic$fulcro$components$shared$cljs$0core$0IFn$0_invoke$0arity$02:RQ
com$fulcrologic$fulcro$components$tunnel_props_BANG_:dR
com$fulcrologic$fulcro$components$wrapped_render:gR
com$fulcrologic$fulcro$data_fetch$elide_ast_nodes:VS
com$fulcrologic$fulcro$data_fetch$finish_load_BANG_:YS
com$fulcrologic$fulcro$data_fetch$load_failed_BANG_:ZS
com$fulcrologic$fulcro$data_fetch$remove_load_marker_BANG_:XS
com$fulcrologic$fulcro$data_fetch$set_load_marker_BANG_:WS
com$fulcrologic$fulcro$dom$Input:yT
com$fulcrologic$fulcro$dom$form_elements_QMARK_:AT
com$fulcrologic$fulcro$dom$inputs$StringBufferedInput:wT
com$fulcrologic$fulcro$dom$is_form_element_QMARK_:BT
com$fulcrologic$fulcro$dom$update_state:zT
com$fulcrologic$fulcro$dom$wrap_form_element:CT
com$fulcrologic$fulcro$inspect$inspect_client$app_id:WR
com$fulcrologic$fulcro$inspect$inspect_client$app_started_BANG_:dS
com$fulcrologic$fulcro$inspect$inspect_client$app_uuid:UR
com$fulcrologic$fulcro$inspect$inspect_client$apps_STAR_:SR
com$fulcrologic$fulcro$inspect$inspect_client$current_history_id:YR
com$fulcrologic$fulcro$inspect$inspect_client$optimistic_action_finished_BANG_:eS
com$fulcrologic$fulcro$inspect$inspect_client$post_message:TR
com$fulcrologic$fulcro$inspect$inspect_client$record_history_entry_BANG_:ZR
com$fulcrologic$fulcro$inspect$inspect_client$remotes:VR
com$fulcrologic$fulcro$inspect$inspect_client$send_ch:kK
com$fulcrologic$fulcro$inspect$inspect_client$send_failed_BANG_:cS
com$fulcrologic$fulcro$inspect$inspect_client$send_finished_BANG_:bS
com$fulcrologic$fulcro$inspect$inspect_client$send_started_BANG_:aS
com$fulcrologic$fulcro$inspect$inspect_client$transact_inspector_BANG_$cljs$0core$0IFn$0_invoke$0arity$02:$R
com$fulcrologic$fulcro$mutations$default_result_action_BANG_:DR
com$fulcrologic$fulcro$mutations$mutate:ER
com$fulcrologic$fulcro$mutations$update_errors_on_ui_component_BANG_$cljs$0core$0IFn$0_invoke$0arity$02:CR
com$fulcrologic$fulcro$raw$application$current_state:$S
com$fulcrologic$fulcro$raw$application$default_global_eql_transform:gT
com$fulcrologic$fulcro$raw$application$default_remote_error_QMARK_:fT
com$fulcrologic$fulcro$raw$application$fulcro_app$cljs$0core$0IFn$0_invoke$0arity$01:iT
com$fulcrologic$fulcro$raw$application$initialize_state_BANG_:hT
com$fulcrologic$fulcro$raw$application$render_BANG_:cT
com$fulcrologic$fulcro$raw$application$root_props_changed_QMARK_:bT
com$fulcrologic$fulcro$raw$application$schedule_render_BANG_:eT
com$fulcrologic$fulcro$raw$application$update_shared_BANG_:aT
com$fulcrologic$fulcro$raw$components$_STAR_after_render_STAR_:qQ
com$fulcrologic$fulcro$raw$components$_STAR_query_state_STAR_:HP
com$fulcrologic$fulcro$raw$components$any__GT_app:RP
com$fulcrologic$fulcro$raw$components$check_component_registry_BANG_:yQ
com$fulcrologic$fulcro$raw$components$class__GT_registry_key:TP
com$fulcrologic$fulcro$raw$components$component_class_QMARK_:SP
com$fulcrologic$fulcro$raw$components$component_instance_QMARK_:QP
com$fulcrologic$fulcro$raw$components$component_name:WJ
com$fulcrologic$fulcro$raw$components$component_options:aQ
com$fulcrologic$fulcro$raw$components$component_options$cljs$0core$0IFn$0_invoke$0arity$0variadic:bQ
com$fulcrologic$fulcro$raw$components$component_registry:GP
com$fulcrologic$fulcro$raw$components$component_type:$P
com$fulcrologic$fulcro$raw$components$computed:VP
com$fulcrologic$fulcro$raw$components$denormalize_query:nQ
com$fulcrologic$fulcro$raw$components$get_computed:WP
com$fulcrologic$fulcro$raw$components$get_computed$cljs$0core$0IFn$0_invoke$0arity$01:XP
com$fulcrologic$fulcro$raw$components$get_computed$cljs$0core$0IFn$0_invoke$0arity$02:YP
com$fulcrologic$fulcro$raw$components$get_ident:jQ
com$fulcrologic$fulcro$raw$components$get_ident$cljs$0core$0IFn$0_invoke$0arity$01:kQ
com$fulcrologic$fulcro$raw$components$get_ident$cljs$0core$0IFn$0_invoke$0arity$02:lQ
com$fulcrologic$fulcro$raw$components$get_initial_state:gQ
com$fulcrologic$fulcro$raw$components$get_initial_state$cljs$0core$0IFn$0_invoke$0arity$01:hQ
com$fulcrologic$fulcro$raw$components$get_initial_state$cljs$0core$0IFn$0_invoke$0arity$02:iQ
com$fulcrologic$fulcro$raw$components$get_query$cljs$0core$0IFn$0_invoke$0arity$01:oQ
com$fulcrologic$fulcro$raw$components$get_query$cljs$0core$0IFn$0_invoke$0arity$02:pQ
com$fulcrologic$fulcro$raw$components$has_feature_QMARK_:cQ
com$fulcrologic$fulcro$raw$components$ident:dQ
com$fulcrologic$fulcro$raw$components$initial_state:fQ
com$fulcrologic$fulcro$raw$components$isoget:LP
com$fulcrologic$fulcro$raw$components$isoget$cljs$0core$0IFn$0_invoke$0arity$02:MP
com$fulcrologic$fulcro$raw$components$isoget$cljs$0core$0IFn$0_invoke$0arity$03:NP
com$fulcrologic$fulcro$raw$components$isoget_in:IP
com$fulcrologic$fulcro$raw$components$isoget_in$cljs$0core$0IFn$0_invoke$0arity$02:JP
com$fulcrologic$fulcro$raw$components$isoget_in$cljs$0core$0IFn$0_invoke$0arity$03:KP
com$fulcrologic$fulcro$raw$components$link_element:sQ
com$fulcrologic$fulcro$raw$components$link_query:vQ
com$fulcrologic$fulcro$raw$components$newer_props:PP
com$fulcrologic$fulcro$raw$components$normalize_query:uQ
com$fulcrologic$fulcro$raw$components$normalize_query_elements:tQ
com$fulcrologic$fulcro$raw$components$props:ZP
com$fulcrologic$fulcro$raw$components$query:eQ
com$fulcrologic$fulcro$raw$components$query_id:mQ
com$fulcrologic$fulcro$raw$components$register_component_BANG_:OP
com$fulcrologic$fulcro$raw$components$registry_key__GT_class:UP
com$fulcrologic$fulcro$raw$components$set_query_STAR_:wQ
com$fulcrologic$fulcro$raw$components$transact_BANG_$cljs$0core$0IFn$0_invoke$0arity$02:rQ
com$fulcrologic$fulcro$rendering$ident_optimized_render$render_component_BANG_:lT
com$fulcrologic$fulcro$rendering$ident_optimized_render$render_components_with_ident_BANG_:mT
com$fulcrologic$fulcro$rendering$keyframe_render$render_BANG_:kT
com$fulcrologic$fulcro$rendering$multiple_roots_renderer$render_BANG_:pT
com$fulcrologic$fulcro$rendering$multiple_roots_renderer$render_roots_BANG_:nT
com$fulcrologic$fulcro$rendering$multiple_roots_renderer$render_stale_components_BANG_:oT
com$fulcrologic$guardrails$core$pending_check_channel:JK
compile_36727:JF
compile_38351:YF
component_did_mount:UQ
component_did_update:VQ
component_will_unmount:$Q
conform_QMARK__STAR__38352:ZF
digits_44952:xT
edn_query_language$core$ast__GT_expr$cljs$0core$0IFn$0_invoke$0arity$02:xJ
edn_query_language$core$ast__GT_query:yJ
edn_query_language$core$expr__GT_ast:tJ
edn_query_language$core$ident_QMARK_:zJ
edn_query_language$core$mark_meta:rJ
edn_query_language$core$node_type:iJ
edn_query_language$core$parameterize:wJ
edn_query_language$core$query__GT_ast:uJ
edn_query_language$core$union_entry__GT_ast:sJ
edn_query_language$core$wrap_expr:vJ
expound$alpha$_STAR_value_str_fn_STAR_:WO
expound$alpha$all_key_symbols:qP
expound$alpha$conj_groups:wP
expound$alpha$contains_alternate_at_path_QMARK_:rP
expound$alpha$error_message:bP
expound$alpha$expected_str:gP
expound$alpha$expected_str_STAR_:iP
expound$alpha$explain_missing_keys:lP
expound$alpha$format_err:mP
expound$alpha$groups:xP
expound$alpha$groups_walk:tP
expound$alpha$header:nP
expound$alpha$header_label:dP
expound$alpha$label:cP
expound$alpha$lcs:pP
expound$alpha$lcs_STAR_:oP
expound$alpha$lift_singleton_groups:uP
expound$alpha$multi_spec:eP
expound$alpha$pr_pred:YO
expound$alpha$pr_pred_STAR_:XO
expound$alpha$preds:$O
expound$alpha$problem_group_str:fP
expound$alpha$problems_without_location:yP
expound$alpha$registry_ref:VO
expound$alpha$replace_group:vP
expound$alpha$share_alt_tags_QMARK_:sP
expound$alpha$show_spec_name:ZO
expound$alpha$spec_with_error_message_QMARK_:aP
expound$alpha$value_PLUS_conformed_value:kP
expound$alpha$value_str:hP
expound$alpha$value_str_STAR_:jP
expound$ansi$_STAR_print_styles_STAR_:qO
expound$ansi$color$cljs$0core$0IFn$0_invoke$0arity$0variadic:sO
expound$ansi$esc:oO
expound$ansi$resolve_styles:rO
expound$ansi$sgr:pO
expound$ansi$sgr_code:nO
expound$paths$value_in:ZK
expound$printer$elide_core_ns:OO
expound$printer$format:DO
expound$printer$format$cljs$0core$0IFn$0_invoke$0arity$0variadic:QO
expound$printer$formatted_multirows:IO
expound$printer$formatted_row:EO
expound$printer$indent$cljs$0core$0IFn$0_invoke$0arity$03:UO
expound$printer$indented_multirows:CO
expound$printer$key__GT_spec:LO
expound$printer$max_column_width:AO
expound$printer$max_row_height:BO
expound$printer$missing_key:NO
expound$printer$multirow:GO
expound$printer$multirows:HO
expound$printer$pprint_fn:PO
expound$printer$pprint_str:RO
expound$printer$print_missing_keys:TO
expound$printer$print_spec_keys_STAR_:SO
expound$printer$specs_from_form:KO
expound$printer$summarize_key_clause:MO
expound$printer$table:FO
expound$printer$table_str:JO
expound$problems$ptype:$K
expound$util$parent_spec:YK
form$jscomp$inline_1738:yO
g_28784:tG
g__13210__auto___28787:xG
g__13210__auto___28797:zG
g__13210__auto___28807:BG
g__13210__auto___28821:DG
g__13210__auto___28837:FG
g__13210__auto___28853:HG
g__13210__auto___28878:JG
g__13210__auto___28887:LG
g__13210__auto___28892:NG
g__13210__auto___28898:PG
g__13210__auto___28904:RG
g__13210__auto___28914:TG
g__13210__auto___28919:VG
g__13210__auto___28934:XG
g__13210__auto___28943:ZG
g__13210__auto___28956:aH
g__13210__auto___28964:cH
g__13223__auto___28975:eH
g__13223__auto___28982:gH
g__13223__auto___28986:iH
g__13223__auto___29037:kH
g__13223__auto___29090:mH
g__13223__auto___29106:oH
g__13223__auto___29124:qH
g__13223__auto___29150:sH
g__13223__auto___29180:uH
g__13223__auto___29192:wH
g__13223__auto___29208:yH
g__13223__auto___29224:AH
go_BANG__49169:dT
goog$UID_PROPERTY_:ja
goog$Uri:hb
goog$Uri$QueryData:nb
goog$Uri$decodeOrEmpty_:mb
goog$Uri$encodeChar_:ub
goog$Uri$encodeSpecialChars_:ob
goog$Uri$reDisallowedInAbsolutePath_:qb
goog$Uri$reDisallowedInFragment_:sb
goog$Uri$reDisallowedInQuery_:tb
goog$Uri$reDisallowedInRelativePath_:rb
goog$Uri$reDisallowedInSchemeOrUserInfo_:pb
goog$async$nextTick$getNextTickImpl_:fF
goog$async$nextTick$nextTickImpl:eF
goog$bind:na
goog$bindJs_:ma
goog$bindNative_:la
goog$date$getCutOffSameWeek_:sE
goog$dom$createElement:bF
goog$dom$findNode:cF
goog$dom$findNodes_:dF
goog$exportPath_:ca
goog$getUid:ia
goog$global:aa
goog$i18n$DateTimeFormat:yE
goog$i18n$DateTimeFormat$TOKENS_:BE
goog$i18n$DateTimeFormat$getHours_:CE
goog$i18n$DateTimeFormat$removeRlmInPatterns_:DE
goog$i18n$DateTimeFormat$validateDateHasTime_:GE
goog$i18n$DateTimeSymbols:rE
goog$i18n$DateTimeSymbols_en:qE
goog$i18n$TimeZone:tE
goog$i18n$TimeZone$composeGMTString_:vE
goog$i18n$TimeZone$createTimeZone:uE
goog$inherits:oa
goog$isArrayLike:ea
goog$string$StringBuffer:yb
goog$string$format:YE
goog$string$internal$isEmptyOrWhitespace:Fa
goog$string$internal$trim:Ga
goog$string$isUnicodeChar:Ya
goog$string$padNumber:ab
goog$string$repeat:Za
goog$structs$forEach:eb
goog$structs$getKeys:db
goog$structs$getValues:bb
goog$typeOf:da
goog$uidCounter_:ka
goog$uri$utils$parseQueryData:gb
goog$uri$utils$splitRe_:fb
hierarchy__5646__auto__$jscomp$inline_2316:SE
hierarchy__5646__auto__$jscomp$inline_2353:nJ
hierarchy__5646__auto__$jscomp$inline_2462:VN
hierarchy__5646__auto__$jscomp$inline_2496:mO
leglist_38376:cG
level__GT_int_38316:UF
method_cache__5644__auto__$jscomp$inline_2314:QE
method_cache__5644__auto__$jscomp$inline_2351:lJ
method_cache__5644__auto__$jscomp$inline_2460:TN
method_cache__5644__auto__$jscomp$inline_2494:kO
method_table__5642__auto__$jscomp$inline_2312:OE
method_table__5642__auto__$jscomp$inline_2349:jJ
method_table__5642__auto__$jscomp$inline_2458:RN
method_table__5642__auto__$jscomp$inline_2492:iO
mkg_28785:uG
mmvar$jscomp$inline_1442:qJ
module$contents$goog$array_defaultCompare:Wa
module$contents$goog$array_sort:Va
module$contents$goog$array_stableSort:Xa
module$contents$goog$array_toArray:Ua
module$contents$goog$labs$userAgent$browser_matchChrome:Ta
module$contents$goog$labs$userAgent$browser_matchFirefox:Sa
module$contents$goog$labs$userAgent$platform_isIos:$E
module$contents$goog$labs$userAgent$platform_isIphone:ZE
module$contents$goog$labs$userAgent$util_getNativeUserAgentString:Oa
module$contents$goog$labs$userAgent$util_matchUserAgent:Qa
module$contents$goog$math$Long_Long:qa
module$contents$goog$math$Long_Long$fromBits:pa
module$contents$goog$math$Long_Long$fromNumber:ra
module$contents$goog$math$Long_Long$fromString:wa
module$contents$goog$math$Long_MAX_VALUE_:sa
module$contents$goog$math$Long_MIN_VALUE_:ta
module$contents$goog$math$Long_NEG_ONE_:Ea
module$contents$goog$math$Long_ONE_:Da
module$contents$goog$math$Long_ZERO_:va
module$contents$goog$object_PROTOTYPE_FIELDS:Ma
module$contents$goog$object_extend:Na
module$contents$goog$object_get:La
module$contents$goog$object_getKeys:Ha
module$contents$goog$object_getValueByKeys:Ia
module$contents$goog$object_remove:Ka
module$node_modules$react$index:GQ
module$node_modules$react_dom$index:jT
navigator$jscomp$inline_1209:aF
never_36725:HF
options__43767__auto___49450:DT
p$jscomp$inline_1739:zO
prefer_table__5643__auto__$jscomp$inline_2313:PE
prefer_table__5643__auto__$jscomp$inline_2350:kJ
prefer_table__5643__auto__$jscomp$inline_2459:SN
prefer_table__5643__auto__$jscomp$inline_2493:jO
raf_41940:QR
shadow$js$files:CQ
shadow$js$jsRequire:FQ
shadow$js$nativeRequires:DQ
shadow$js$requireStack:EQ
should_component_update_QMARK_:WQ
static_wrap_props_state_handler:SQ
taoensso$encore$LimitEntry:uF
taoensso$encore$LimitHits:vF
taoensso$encore$LimitSpec:tF
taoensso$encore$as__QMARK_int:iF
taoensso$encore$as__QMARK_nempty_str:hF
taoensso$encore$assert_min_encore_version:nF
taoensso$encore$assoc_nx:oF
taoensso$encore$coerce_limit_specs:wF
taoensso$encore$compile_str_filter:KF
taoensso$encore$encore_version:gF
taoensso$encore$get_substr:BF
taoensso$encore$get_substring:CF
taoensso$encore$get_subvec:pF
taoensso$encore$get_subvector:qF
taoensso$encore$js__QMARK_win:lF
taoensso$encore$limiter_STAR_:xF
taoensso$encore$map_vals:sF
taoensso$encore$ms:EF
taoensso$encore$nil__GT_str:DF
taoensso$encore$parse_version:mF
taoensso$encore$reduce_kvs:jF
taoensso$encore$rsome:kF
taoensso$encore$str_builder:yF
taoensso$encore$str_join$cljs$0core$0IFn$0_invoke$0arity$03:AF
taoensso$encore$str_rf:zF
taoensso$encore$vrest:rF
taoensso$timbre$_STAR_config_STAR_:TF
taoensso$timbre$_log_BANG_$cljs$0core$0IFn$0_invoke$0arity$011:iG
taoensso$timbre$appenders$core$console_appender:NF
taoensso$timbre$appenders$core$console_appender$cljs$0core$0IFn$0_invoke$0arity$0variadic:OF
taoensso$timbre$appenders$core$println_appender:LF
taoensso$timbre$appenders$core$println_appender$cljs$0core$0IFn$0_invoke$0arity$0variadic:MF
taoensso$timbre$default_output_fn:QF
taoensso$timbre$default_timestamp_opts:PF
taoensso$timbre$get_min_level:bG
taoensso$timbre$get_rate_limiter:gG
taoensso$timbre$legacy_ns_filter:dG
taoensso$timbre$level_GT__EQ_:XF
taoensso$timbre$may_log_QMARK_$cljs$0core$0IFn$0_invoke$0arity$04:eG
taoensso$timbre$may_log_ns_QMARK_:$F
taoensso$timbre$ns__GT__QMARK_min_level:aG
taoensso$timbre$parse_vargs:hG
taoensso$timbre$stacktrace:SF
taoensso$timbre$stacktrace$cljs$0core$0IFn$0_invoke$0arity$02:RF
taoensso$timbre$str_join:fG
taoensso$timbre$valid_level:VF
taoensso$timbre$valid_level__GT_int:WF
wild_str__GT__QMARK_re_pattern_36726:IF
wrap_base_render:ZQ
wrap_props_handler:XQ
wrap_props_state_handler:TQ
wrap_this:YQ
