AMPMS:mf
DATEFORMATS:Yd
DATETIMEFORMATS:nf
DST_GENERIC_LOCATION:pf
ERANAMES:qf
ERAS:rf
FIRSTDAYOFWEEK:De
FIRSTWEEKCUTOFFDAY:Ee
MONTHS:sf
NARROWMONTHS:tf
NARROWWEEKDAYS:ih
QUARTERS:uf
SHORTMONTHS:vf
SHORTQUARTERS:wf
SHORTWEEKDAYS:xf
STANDALONEMONTHS:yf
STANDALONENARROWMONTHS:zf
STANDALONENARROWWEEKDAYS:Af
STANDALONESHORTMONTHS:Bf
STANDALONESHORTWEEKDAYS:Cf
STANDALONEWEEKDAYS:Df
STD_GENERIC_LOCATION:Fe
STD_LONG_NAME_GMT:jh
TIMEFORMATS:Ge
WEEKDAYS:Ef
WEEKENDRANGE:kh
ZERODIGIT:Ff
__GT_Generator:Gf
__extmap:B
__hash:G
__meta:M
_hash:Fc
_meta:wb
_next:rc
_rest:Zd
_seq:Tc
add_BANG_:xb
addcv:Hf
afn:P
aform:vd
any_printable:If
argm:He
argspec:wd
arr:m
base_count:Ie
bitmap:ka
blockable:Je
boolean$:Jf
buf:ga
buffer_:kc
cached:$d
cached_hierarchy:xd
capped:Uc
cb:Ke
cfns:yd
cform:ac
char$:Kf
check_QMARK_:zd
choose:Lf
chunk:da
chunk_next:bc
ci:Ad
cljs$core$APersistentVector$:ae
cljs$core$Fn$:Le
cljs$core$IAssociative$:Me
cljs$core$IAssociative$_assoc$arity$3:za
cljs$core$IAssociative$_contains_key_QMARK_$arity$2:nb
cljs$core$IAtom$:lh
cljs$core$IChunk$_drop_first$arity$1:be
cljs$core$IChunkedNext$_chunked_next$arity$1:Bd
cljs$core$IChunkedSeq$:mh
cljs$core$IChunkedSeq$_chunked_first$arity$1:Vc
cljs$core$IChunkedSeq$_chunked_rest$arity$1:lc
cljs$core$ICollection$:nh
cljs$core$ICollection$_conj$arity$2:la
cljs$core$IComparable$:sc
cljs$core$IComparable$_compare$arity$2:cc
cljs$core$ICounted$:Mf
cljs$core$ICounted$_count$arity$1:ha
cljs$core$IDeref$:ce
cljs$core$IDeref$_deref$arity$1:yb
cljs$core$IEditableCollection$:Nf
cljs$core$IEditableCollection$_as_transient$arity$1:Gc
cljs$core$IEmptyableCollection$:Of
cljs$core$IEmptyableCollection$_empty$arity$1:ra
cljs$core$IEncodeJS$:Pf
cljs$core$IEncodeJS$_clj__GT_js$arity$1:Qf
cljs$core$IEquiv$_equiv$arity$2:N
cljs$core$IFind$:Wc
cljs$core$IFind$_find$arity$2:Hc
cljs$core$IFn$:oh
cljs$core$IFn$_invoke$arity$0:o
cljs$core$IFn$_invoke$arity$1:g
cljs$core$IFn$_invoke$arity$10:Ra
cljs$core$IFn$_invoke$arity$11:Sa
cljs$core$IFn$_invoke$arity$12:Ta
cljs$core$IFn$_invoke$arity$13:Ua
cljs$core$IFn$_invoke$arity$14:Va
cljs$core$IFn$_invoke$arity$15:Wa
cljs$core$IFn$_invoke$arity$16:Xa
cljs$core$IFn$_invoke$arity$17:Ya
cljs$core$IFn$_invoke$arity$18:Za
cljs$core$IFn$_invoke$arity$19:$a
cljs$core$IFn$_invoke$arity$2:h
cljs$core$IFn$_invoke$arity$20:ab
cljs$core$IFn$_invoke$arity$21:Xc
cljs$core$IFn$_invoke$arity$22:de
cljs$core$IFn$_invoke$arity$3:j
cljs$core$IFn$_invoke$arity$4:v
cljs$core$IFn$_invoke$arity$5:V
cljs$core$IFn$_invoke$arity$6:aa
cljs$core$IFn$_invoke$arity$7:Ma
cljs$core$IFn$_invoke$arity$8:Na
cljs$core$IFn$_invoke$arity$9:bb
cljs$core$IFn$_invoke$arity$variadic:l
cljs$core$IHash$:Rf
cljs$core$IHash$_hash$arity$1:ea
cljs$core$IIndexed$:Ne
cljs$core$IIndexed$_nth$arity$2:Z
cljs$core$IIndexed$_nth$arity$3:cb
cljs$core$IIterable$:ph
cljs$core$IIterable$_iterator$arity$1:Ca
cljs$core$IKVReduce$:qh
cljs$core$IKVReduce$_kv_reduce$arity$3:tb
cljs$core$IList$:rh
cljs$core$ILookup$:Sf
cljs$core$ILookup$_lookup$arity$2:xa
cljs$core$ILookup$_lookup$arity$3:ba
cljs$core$IMap$:sh
cljs$core$IMap$_dissoc$arity$2:Db
cljs$core$IMapEntry$:th
cljs$core$IMapEntry$_key$arity$1:Tf
cljs$core$IMapEntry$_val$arity$1:Uf
cljs$core$IMeta$:ee
cljs$core$IMeta$_meta$arity$1:W
cljs$core$IMultiFn$_add_method$arity$3:O
cljs$core$IMultiFn$_dispatch_fn$arity$1:Vf
cljs$core$IMultiFn$_get_method$arity$2:Ba
cljs$core$IMultiFn$_methods$arity$1:Oe
cljs$core$INamed$:Pe
cljs$core$INamed$_name$arity$1:Yc
cljs$core$INamed$_namespace$arity$1:Zc
cljs$core$INext$:$c
cljs$core$INext$_next$arity$1:ta
cljs$core$IPending$:uh
cljs$core$IPending$_realized_QMARK_$arity$1:ad
cljs$core$IPrintWithWriter$:pa
cljs$core$IPrintWithWriter$_pr_writer$arity$3:ca
cljs$core$IRecord$:vh
cljs$core$IReduce$:Wf
cljs$core$IReduce$_reduce$arity$2:Da
cljs$core$IReduce$_reduce$arity$3:Ea
cljs$core$IReset$_reset_BANG_$arity$2:Xf
cljs$core$IReversible$:wh
cljs$core$IReversible$_rseq$arity$1:bd
cljs$core$ISeq$:Ic
cljs$core$ISeq$_first$arity$1:sa
cljs$core$ISeq$_rest$arity$1:Aa
cljs$core$ISeqable$:Qe
cljs$core$ISeqable$_seq$arity$1:fa
cljs$core$ISequential$:Re
cljs$core$ISet$:xh
cljs$core$ISet$_disjoin$arity$2:Se
cljs$core$ISorted$:yh
cljs$core$IStack$_peek$arity$1:tc
cljs$core$IStack$_pop$arity$1:uc
cljs$core$ISwap$_swap_BANG_$arity$2:Yf
cljs$core$ISwap$_swap_BANG_$arity$3:Zf
cljs$core$ISwap$_swap_BANG_$arity$4:$f
cljs$core$ISwap$_swap_BANG_$arity$5:ag
cljs$core$ITransientAssociative$_assoc_BANG_$arity$3:Jc
cljs$core$ITransientCollection$_conj_BANG_$arity$2:Kc
cljs$core$ITransientCollection$_persistent_BANG_$arity$1:cd
cljs$core$ITransientMap$_dissoc_BANG_$arity$2:fe
cljs$core$IUUID$:Te
cljs$core$IVector$:zh
cljs$core$IVector$_assoc_n$arity$3:vc
cljs$core$IVolatile$_vreset_BANG_$arity$2:Cd
cljs$core$IWatchable$_add_watch$arity$3:Ue
cljs$core$IWithMeta$_with_meta$arity$2:Y
cljs$core$IWriter$_flush$arity$1:Wb
cljs$core$IWriter$_write$arity$2:mc
cljs$core$Inst$:bg
cljs$core$async$impl$protocols$Buffer$add_BANG__STAR_$arity$2:ge
cljs$core$async$impl$protocols$Buffer$full_QMARK_$arity$1:Dd
cljs$core$async$impl$protocols$Handler$active_QMARK_$arity$1:Ve
cljs$core$async$impl$protocols$Handler$blockable_QMARK_$arity$1:he
cljs$core$async$impl$protocols$Handler$commit$arity$1:We
cljs$core$async$impl$protocols$WritePort$put_BANG_$arity$3:ie
cljs$lang$applyTo:H
cljs$lang$ctorPrWriter:Ah
cljs$lang$ctorStr:je
cljs$lang$maxFixedArity:D
cljs$lang$protocol_mask$partition$:Ed
cljs$lang$protocol_mask$partition0$:A
cljs$lang$protocol_mask$partition1$:I
cljs$lang$test:Eb
cljs$lang$type:cg
cljs$pprint$IPrettyFlush$_ppflush$arity$1:ke
cljs$spec$alpha$Spec$:Xb
cljs$spec$alpha$Spec$conform_STAR_$arity$2:Fb
cljs$spec$alpha$Spec$describe_STAR_$arity$1:Gb
cljs$spec$alpha$Spec$explain_STAR_$arity$5:Hb
cljs$spec$alpha$Spec$gen_STAR_$arity$4:Ib
cljs$spec$alpha$Spec$with_gen_STAR_$arity$2:Jb
cljs$spec$alpha$Specize$specize_STAR_$arity$1:pb
cljs$spec$alpha$Specize$specize_STAR_$arity$2:qb
cnt:F
collision_hash:dc
com$cognitect$transit$equals:dd
com$cognitect$transit$hashCode:le
conform_all:me
conform_into:dg
conform_keys:eg
count_:ob
cpred:Fd
cpred_QMARK_:Gd
dateTimeSymbols_:ua
def:Kb
default_dispatch_val:fg
demuxes_:ec
describe_form:Xe
dirty_puts:Hd
dirty_takes:Id
dispatch_fn:R
distinct:ne
domain_:fc
done_nl:eb
double$:gg
dval:Jd
edit:oa
editable_QMARK_:wc
encodedQuery_:ub
end_pos:S
ensure_editable:hc
equiv:qa
ext_map_iter:Ye
fform:ed
fields:xc
fmap:hg
fn:Lc
fnspec:fd
for_all_STAR_:ig
forceChunk:gd
fqn:na
fragment_:yc
front:lb
fseq:Mc
func:Lb
gen_into:oe
gen_max:Kd
generate:jg
generators:K
getKeys:pe
getValues:zc
gfn:X
handler:hd
hasNext:ya
has_nil_QMARK_:Ha
hash_map:Mb
header:ic
hierarchy:Ld
high_:ma
i:J
ignoreCase_:zb
indent:Oa
inode_assoc:Nb
inode_assoc_BANG_:Ob
inode_find:jd
inode_lookup:nc
inode_seq:kd
inode_without:ld
inode_without_BANG_:md
intra_block_nl:fb
isEmpty:Ze
isReadOnly_:kg
iter:Nc
k__GT_s:lg
keyMap_:Fa
keys__GT_specnames:mb
keys_pred:Md
keyword:mg
keyword_ns:ng
kfn:Nd
kind_form:$e
kps:og
kv_reduce:nd
large_integer:pg
large_integer_STAR_:qg
last_was_whitespace_QMARK_:od
lb:rg
len:Pb
logical_block:$
logical_block_callback:gb
low_:va
m:qe
map__29355:sg
map__29859:tg
max_columns:re
max_count:pd
meta26864:ug
meta29369:vg
meta29467:wg
meta29507:xg
meta29550:yg
meta29618:zg
meta29762:Ag
meta29886:Bg
meta30452:Cg
meta30493:Dg
meta30615:Eg
meta32684:Fg
meta33207:Gg
meta34955:Hg
meta35117:Ig
meta38224:Jg
meta38817:Kg
meta39166:Lg
meta39172:Mg
meta39178:Ng
meta39184:Og
method_cache:Od
method_table:qd
min_count:Ac
miser_width:Pg
mmvar:se
more:Qb
ms:te
mseq:ja
next_entry:rd
next_iter:Rb
nil_val:Ia
nodes:Sb
ns:hb
off:Ja
one_of:Qg
opt:Pd
opt_keys:af
opt_specs:bf
opt_un:Qd
opts:ue
p__29354:Rg
p__29858:Sg
params:Tb
path_:Yb
patternParts_:Rd
per_line_prefix:ib
port_:Oc
pos:Zb
pred:Pa
pred_exprs:cf
pred_forms:df
preds:Ka
predx:Bc
prefer_table:Tg
prev_seed:ve
properties:ef
puts:jc
queryData_:Ub
quick_check:Ug
re:oc
rear:rb
record:Vg
relative_to:vb
rep_fn:Sd
req:Td
req_keys:ff
req_specs:gf
req_un:Ud
rest:La
retag:we
retspec:Pc
return$:Wg
rform:Qc
riter:sd
root_iter:hf
s:ia
sb:Xg
scheme_:pc
section:jb
seen:xe
seq:$b
setIgnoreCase:ye
shuffle:Yg
simple_type_printable:Zg
spec:Rc
specs:Ab
standardOffset_:jf
start_col:Qa
start_pos:T
str:Bb
str_rep_fn:td
string_alphanumeric:$g
such_that:ah
suffix:kb
superClass_:Bh
sym:qc
symbol:bh
symbol_ns:dh
tag_fn:Vd
takes:Sc
timeZoneId_:ze
trailing_white_space:Cb
transient_map:Cc
transitions_:Wd
tuple:eh
type_tag:U
tzNamesExt_:Dc
tzNames_:Ae
udt0:Be
unc:kf
userInfo_:Ec
uuid:Vb
v:Ga
val:C
validator:fh
vec:sb
vector:gh
vector_distinct:hh
verbose_handler_fn:ud
watches:Xd
worst_ms:Ce
worst_sid:lf
writer:wa
